Archive member included to satisfy reference by file (symbol)

libs/EVT-core/libEVTd.a(stm32f302x8.cpp.obj)
                              libs/EVT-core/samples/can/back_and_forth/CMakeFiles/back_and_forth.dir/main.cpp.obj (EVT::core::platform::stm32f3xx_init())
libs/EVT-core/libEVTd.a(CAN.cpp.obj)
                              libs/EVT-core/samples/can/back_and_forth/CMakeFiles/back_and_forth.dir/main.cpp.obj (EVT::core::IO::CAN::addIRQHandler(void (*)(EVT::core::IO::CANMessage&, void*), void*))
libs/EVT-core/libEVTd.a(CANf3xx.cpp.obj)
                              libs/EVT-core/samples/can/back_and_forth/CMakeFiles/back_and_forth.dir/main.cpp.obj (EVT::core::IO::CANf3xx::CANf3xx(EVT::core::IO::Pin, EVT::core::IO::Pin, bool))
libs/EVT-core/libEVTd.a(GPIOf3xx.cpp.obj)
                              libs/EVT-core/libEVTd.a(CANf3xx.cpp.obj) (EVT::core::IO::GPIOf3xx::gpioStateInit(GPIO_InitTypeDef*, EVT::core::IO::Pin*, unsigned char, unsigned long, unsigned long, unsigned long, unsigned char))
libs/EVT-core/libEVTd.a(UARTf3xx.cpp.obj)
                              libs/EVT-core/samples/can/back_and_forth/CMakeFiles/back_and_forth.dir/main.cpp.obj (EVT::core::IO::UARTf3xx::UARTf3xx(EVT::core::IO::Pin, EVT::core::IO::Pin, unsigned long, bool))
libs/EVT-core/libEVTd.a(CANMessage.cpp.obj)
                              libs/EVT-core/samples/can/back_and_forth/CMakeFiles/back_and_forth.dir/main.cpp.obj (EVT::core::IO::CANMessage::CANMessage(unsigned long, unsigned char, unsigned char*, bool))
libs/EVT-core/libEVTd.a(RTCf3xx.cpp.obj)
                              libs/EVT-core/samples/can/back_and_forth/CMakeFiles/back_and_forth.dir/main.cpp.obj (EVT::core::DEV::RTCf3xx::RTCf3xx())
libs/EVT-core/libEVTd.a(IWDGf3xx.cpp.obj)
                              libs/EVT-core/samples/can/back_and_forth/CMakeFiles/back_and_forth.dir/main.cpp.obj (EVT::core::DEV::IWDGf3xx::IWDGf3xx(unsigned long))
libs/EVT-core/libEVTd.a(time.cpp.obj)
                              libs/EVT-core/samples/can/back_and_forth/CMakeFiles/back_and_forth.dir/main.cpp.obj (EVT::core::time::wait(unsigned long))
libs/EVT-core/libEVTd.a(log.cpp.obj)
                              libs/EVT-core/libEVTd.a(UARTf3xx.cpp.obj) (EVT::core::log::Logger::log(EVT::core::log::Logger::LogLevel, char const*, ...))
libs/EVT-core/libEVTd.a(GPIO.cpp.obj)
                              libs/EVT-core/libEVTd.a(GPIOf3xx.cpp.obj) (EVT::core::IO::GPIO::GPIO(EVT::core::IO::Pin, EVT::core::IO::GPIO::Direction, EVT::core::IO::GPIO::Pull))
libs/EVT-core/libEVTd.a(UART.cpp.obj)
                              libs/EVT-core/libEVTd.a(UARTf3xx.cpp.obj) (EVT::core::IO::UART::UART(EVT::core::IO::Pin, EVT::core::IO::Pin, unsigned long))
libs/EVT-core/libs/HALf3/libHALf3d.a(stm32f3xx_hal.c.obj)
                              libs/EVT-core/libEVTd.a(stm32f302x8.cpp.obj) (HAL_Init)
libs/EVT-core/libs/HALf3/libHALf3d.a(stm32f3xx_hal_can.c.obj)
                              libs/EVT-core/libEVTd.a(CANf3xx.cpp.obj) (HAL_CAN_Init)
libs/EVT-core/libs/HALf3/libHALf3d.a(stm32f3xx_hal_cortex.c.obj)
                              libs/EVT-core/libs/HALf3/libHALf3d.a(stm32f3xx_hal.c.obj) (HAL_NVIC_SetPriorityGrouping)
libs/EVT-core/libs/HALf3/libHALf3d.a(stm32f3xx_hal_gpio.c.obj)
                              libs/EVT-core/libEVTd.a(GPIOf3xx.cpp.obj) (HAL_GPIO_Init)
libs/EVT-core/libs/HALf3/libHALf3d.a(stm32f3xx_hal_iwdg.c.obj)
                              libs/EVT-core/libEVTd.a(IWDGf3xx.cpp.obj) (HAL_IWDG_Init)
libs/EVT-core/libs/HALf3/libHALf3d.a(stm32f3xx_hal_rcc.c.obj)
                              libs/EVT-core/libEVTd.a(stm32f302x8.cpp.obj) (HAL_RCC_OscConfig)
libs/EVT-core/libs/HALf3/libHALf3d.a(stm32f3xx_hal_rcc_ex.c.obj)
                              libs/EVT-core/libEVTd.a(RTCf3xx.cpp.obj) (HAL_RCCEx_PeriphCLKConfig)
libs/EVT-core/libs/HALf3/libHALf3d.a(stm32f3xx_hal_rtc.c.obj)
                              libs/EVT-core/libEVTd.a(RTCf3xx.cpp.obj) (HAL_RTC_Init)
libs/EVT-core/libs/HALf3/libHALf3d.a(stm32f3xx_hal_rtc_ex.c.obj)
                              libs/EVT-core/libs/HALf3/libHALf3d.a(stm32f3xx_hal_rtc.c.obj) (HAL_RTCEx_AlarmBEventCallback)
libs/EVT-core/libs/HALf3/libHALf3d.a(stm32f3xx_hal_uart.c.obj)
                              libs/EVT-core/libEVTd.a(UARTf3xx.cpp.obj) (HAL_LIN_SendBreak)
libs/EVT-core/libs/HALf3/libHALf3d.a(stm32f3xx_hal_uart_ex.c.obj)
                              libs/EVT-core/libs/HALf3/libHALf3d.a(stm32f3xx_hal_uart.c.obj) (HAL_UARTEx_WakeupCallback)
libs/EVT-core/libs/HALf3/libHALf3d.a(stm32f3xx_it.c.obj)
                              libs/EVT-core/libEVTd.a(stm32f302x8.cpp.obj) (SysTick_Handler)
libs/EVT-core/libs/HALf3/libHALf3d.a(system_stm32f3xx.c.obj)
                              libs/EVT-core/libs/HALf3/libHALf3d.a(stm32f3xx_hal.c.obj) (SystemCoreClock)
libs/EVT-core/libs/HALf3/libHALf3d.a(startup_stm32f334x8.s.obj)
                              (Reset_Handler)
libs/EVT-core/libs/HALf3/libHALf3d.a(stm32f3xx_hal_dma.c.obj)
[...]
Memory Configuration

Name             Origin             Length             Attributes
CCMRAM           0x10000000         0x00001000         xrw
RAM              0x20000000         0x00003000         xrw
FLASH            0x08000000         0x00010000         xr
*default*        0x00000000         0xffffffff

Linker script and memory map

LOAD /opt/homebrew/Cellar/arm-gnu-toolchain@12/12.3.rel1/bin/../lib/gcc/arm-none-eabi/12.3.1/thumb/v7e-m+fp/hard/crti.o
LOAD /opt/homebrew/Cellar/arm-gnu-toolchain@12/12.3.rel1/bin/../lib/gcc/arm-none-eabi/12.3.1/thumb/v7e-m+fp/hard/crtbegin.o
LOAD /opt/homebrew/Cellar/arm-gnu-toolchain@12/12.3.rel1/bin/../lib/gcc/arm-none-eabi/12.3.1/../../../../arm-none-eabi/lib/thumb/v7e-m+fp/hard/crt0.o
LOAD /opt/homebrew/Cellar/arm-gnu-toolchain@12/12.3.rel1/bin/../lib/gcc/arm-none-eabi/12.3.1/../../../../arm-none-eabi/lib/thumb/v7e-m+fp/hard/libnosys.a
LOAD libs/EVT-core/samples/can/back_and_forth/CMakeFiles/back_and_forth.dir/main.cpp.obj
LOAD libs/EVT-core/libEVTd.a
LOAD libs/EVT-core/libs/HALf3/libHALf3d.a
LOAD libs/EVT-core/libs/canopen/canopen/libCanopen.a
LOAD /opt/homebrew/Cellar/arm-gnu-toolchain@12/12.3.rel1/bin/../lib/gcc/arm-none-eabi/12.3.1/../../../../arm-none-eabi/lib/thumb/v7e-m+fp/hard/libstdc++_nano.a
LOAD /opt/homebrew/Cellar/arm-gnu-toolchain@12/12.3.rel1/bin/../lib/gcc/arm-none-eabi/12.3.1/../../../../arm-none-eabi/lib/thumb/v7e-m+fp/hard/libm.a
LOAD /opt/homebrew/Cellar/arm-gnu-toolchain@12/12.3.rel1/bin/../lib/gcc/arm-none-eabi/12.3.1/../../../../arm-none-eabi/lib/thumb/v7e-m+fp/hard/libc_nano.a
START GROUP
LOAD /opt/homebrew/Cellar/arm-gnu-toolchain@12/12.3.rel1/bin/../lib/gcc/arm-none-eabi/12.3.1/thumb/v7e-m+fp/hard/libgcc.a
LOAD /opt/homebrew/Cellar/arm-gnu-toolchain@12/12.3.rel1/bin/../lib/gcc/arm-none-eabi/12.3.1/../../../../arm-none-eabi/lib/thumb/v7e-m+fp/hard/libg_nano.a
LOAD /opt/homebrew/Cellar/arm-gnu-toolchain@12/12.3.rel1/bin/../lib/gcc/arm-none-eabi/12.3.1/../../../../arm-none-eabi/lib/thumb/v7e-m+fp/hard/libc_nano.a
END GROUP
START GROUP
LOAD /opt/homebrew/Cellar/arm-gnu-toolchain@12/12.3.rel1/bin/../lib/gcc/arm-none-eabi/12.3.1/thumb/v7e-m+fp/hard/libgcc.a
LOAD /opt/homebrew/Cellar/arm-gnu-toolchain@12/12.3.rel1/bin/../lib/gcc/arm-none-eabi/12.3.1/../../../../arm-none-eabi/lib/thumb/v7e-m+fp/hard/libc_nano.a
LOAD /opt/homebrew/Cellar/arm-gnu-toolchain@12/12.3.rel1/bin/../lib/gcc/arm-none-eabi/12.3.1/../../../../arm-none-eabi/lib/thumb/v7e-m+fp/hard/libnosys.a
END GROUP
START GROUP
LOAD /opt/homebrew/Cellar/arm-gnu-toolchain@12/12.3.rel1/bin/../lib/gcc/arm-none-eabi/12.3.1/thumb/v7e-m+fp/hard/libgcc.a
LOAD /opt/homebrew/Cellar/arm-gnu-toolchain@12/12.3.rel1/bin/../lib/gcc/arm-none-eabi/12.3.1/../../../../arm-none-eabi/lib/thumb/v7e-m+fp/hard/libc_nano.a
LOAD /opt/homebrew/Cellar/arm-gnu-toolchain@12/12.3.rel1/bin/../lib/gcc/arm-none-eabi/12.3.1/../../../../arm-none-eabi/lib/thumb/v7e-m+fp/hard/libnosys.a
END GROUP
LOAD /opt/homebrew/Cellar/arm-gnu-toolchain@12/12.3.rel1/bin/../lib/gcc/arm-none-eabi/12.3.1/thumb/v7e-m+fp/hard/crtend.o
LOAD /opt/homebrew/Cellar/arm-gnu-toolchain@12/12.3.rel1/bin/../lib/gcc/arm-none-eabi/12.3.1/thumb/v7e-m+fp/hard/crtn.o
                0x20003000                        _estack = (ORIGIN (RAM) + LENGTH (RAM))
                0x00000200                        _Min_Heap_Size = 0x200
                0x00000400                        _Min_Stack_Size = 0x400

.isr_vector     0x08000000      0x188
                0x08000000                        . = ALIGN (0x4)
 *(.isr_vector)
 .isr_vector    0x08000000      0x188 libs/EVT-core/libs/HALf3/libHALf3d.a(startup_stm32f334x8.s.obj)
                0x08000000                g_pfnVectors
                0x08000188                        . = ALIGN (0x4)

.text           0x08000190     0x4b18
                0x08000190                        . = ALIGN (0x4)
 *(.text)
 .text          0x08000190       0x10 /opt/homebrew/Cellar/arm-gnu-toolchain@12/12.3.rel1/bin/../lib/gcc/arm-none-eabi/12.3.1/../../../../arm-none-eabi/lib/thumb/v7e-m+fp/hard/libc_nano.a(libc_a-strlen.o)
                0x08000190                strlen
 .text          0x080001a0       0x14 /opt/homebrew/Cellar/arm-gnu-toolchain@12/12.3.rel1/bin/../lib/gcc/arm-none-eabi/12.3.1/../../../../arm-none-eabi/lib/thumb/v7e-m+fp/hard/libc_nano.a(libc_a-strcmp.o)
                0x080001a0                strcmp
 *fill*         0x080001b4        0xc 
 .text          0x080001c0       0xa0 /opt/homebrew/Cellar/arm-gnu-toolchain@12/12.3.rel1/bin/../lib/gcc/arm-none-eabi/12.3.1/../../../../arm-none-eabi/lib/thumb/v7e-m+fp/hard/libc_nano.a(libc_a-memchr.o)
                0x080001c0                memchr
 .text          0x08000260      0x1ac /opt/homebrew/Cellar/arm-gnu-toolchain@12/12.3.rel1/bin/../lib/gcc/arm-none-eabi/12.3.1/thumb/v7e-m+fp/hard/libgcc.a(libunwind.o)
                0x08000260                __restore_core_regs
                0x08000260                restore_core_regs
                0x08000278                __gnu_Unwind_Restore_VFP
                0x08000280                __gnu_Unwind_Save_VFP
                0x08000288                __gnu_Unwind_Restore_VFP_D
                0x08000290                __gnu_Unwind_Save_VFP_D
                0x08000298                __gnu_Unwind_Restore_VFP_D_16_to_31
                0x080002a0                __gnu_Unwind_Save_VFP_D_16_to_31
                0x080002a8                __gnu_Unwind_Restore_WMMXD
                0x080002ec                __gnu_Unwind_Save_WMMXD
                0x08000330                __gnu_Unwind_Restore_WMMXC
                0x08000344                __gnu_Unwind_Save_WMMXC
                0x08000358                _Unwind_RaiseException
                0x08000358                ___Unwind_RaiseException
                0x0800037c                ___Unwind_Resume
                0x0800037c                _Unwind_Resume
                0x080003a0                ___Unwind_Resume_or_Rethrow
                0x080003a0                _Unwind_Resume_or_Rethrow
                0x080003c4                _Unwind_ForcedUnwind
                0x080003c4                ___Unwind_ForcedUnwind
                0x080003e8                _Unwind_Backtrace
                0x080003e8                ___Unwind_Backtrace
 *(.text*)
 .text.deregister_tm_clones
                0x0800040c       0x1c /opt/homebrew/Cellar/arm-gnu-toolchain@12/12.3.rel1/bin/../lib/gcc/arm-none-eabi/12.3.1/thumb/v7e-m+fp/hard/crtbegin.o
 .text.register_tm_clones
                0x08000428       0x24 /opt/homebrew/Cellar/arm-gnu-toolchain@12/12.3.rel1/bin/../lib/gcc/arm-none-eabi/12.3.1/thumb/v7e-m+fp/hard/crtbegin.o
 .text.__do_global_dtors_aux
                0x0800044c       0x28 /opt/homebrew/Cellar/arm-gnu-toolchain@12/12.3.rel1/bin/../lib/gcc/arm-none-eabi/12.3.1/thumb/v7e-m+fp/hard/crtbegin.o
 .text.frame_dummy
                0x08000474       0x24 /opt/homebrew/Cellar/arm-gnu-toolchain@12/12.3.rel1/bin/../lib/gcc/arm-none-eabi/12.3.1/thumb/v7e-m+fp/hard/crtbegin.o
 .text._Z13canIRQHandlerRN3EVT4core2IO10CANMessageEPv
                0x08000498       0x88 libs/EVT-core/samples/can/back_and_forth/CMakeFiles/back_and_forth.dir/main.cpp.obj
                0x08000498                canIRQHandler(EVT::core::IO::CANMessage&, void*)
 .text._ZN3EVT4core8platform4initEv
                0x08000520        0x8 libs/EVT-core/samples/can/back_and_forth/CMakeFiles/back_and_forth.dir/main.cpp.obj
                0x08000520                EVT::core::platform::init()
 .text._ZN3EVT4core2IO6getCANILNS1_3PinE12ELS3_11EEERNS1_3CANEb
                0x08000528       0x48 libs/EVT-core/samples/can/back_and_forth/CMakeFiles/back_and_forth.dir/main.cpp.obj
                0x08000528                EVT::core::IO::CAN& EVT::core::IO::getCAN<(EVT::core::IO::Pin)12, (EVT::core::IO::Pin)11>(bool)
 .text._ZN3EVT4core2IO7getUARTILNS1_3PinE2ELS3_3EEERNS1_4UARTEmb
                0x08000570       0x50 libs/EVT-core/samples/can/back_and_forth/CMakeFiles/back_and_forth.dir/main.cpp.obj
                0x08000570                EVT::core::IO::UART& EVT::core::IO::getUART<(EVT::core::IO::Pin)2, (EVT::core::IO::Pin)3>(unsigned long, bool)
 .text.main     0x080005c0       0xa0 libs/EVT-core/samples/can/back_and_forth/CMakeFiles/back_and_forth.dir/main.cpp.obj
                0x080005c0                main
 .text._ZN3EVT4core8platform14stm32f3xx_initEv
                0x08000660       0x62 libs/EVT-core/libEVTd.a(stm32f302x8.cpp.obj)
                0x08000660                EVT::core::platform::stm32f3xx_init()
 *fill*         0x080006c2        0x2 
 .text._ZN3EVT4core2IO3CANC2ENS1_3PinES3_b
                0x080006c4       0x1c libs/EVT-core/libEVTd.a(CAN.cpp.obj)
                0x080006c4                EVT::core::IO::CAN::CAN(EVT::core::IO::Pin, EVT::core::IO::Pin, bool)
                0x080006c4                EVT::core::IO::CAN::CAN(EVT::core::IO::Pin, EVT::core::IO::Pin, bool)
 .text._ZN3EVT4core2IO3CAN13addIRQHandlerEPFvRNS1_10CANMessageEPvES5_
                0x080006e0        0x6 libs/EVT-core/libEVTd.a(CAN.cpp.obj)
                0x080006e0                EVT::core::IO::CAN::addIRQHandler(void (*)(EVT::core::IO::CANMessage&, void*), void*)
 .text._ZN3EVT4core2IO7CANf3xx12addCANFilterEtth
                0x080006e6       0x34 libs/EVT-core/libEVTd.a(CANf3xx.cpp.obj)
                0x080006e6                EVT::core::IO::CANf3xx::addCANFilter(unsigned short, unsigned short, unsigned char)
 .text._ZN3EVT4core2IO7CANf3xx21enableEmergencyFilterEm
                0x0800071a       0x3a libs/EVT-core/libEVTd.a(CANf3xx.cpp.obj)
                0x0800071a                EVT::core::IO::CANf3xx::enableEmergencyFilter(unsigned long)
 .text._ZN3EVT4core2IO7CANf3xx7connectEb
                0x08000754       0xdc libs/EVT-core/libEVTd.a(CANf3xx.cpp.obj)
                0x08000754                EVT::core::IO::CANf3xx::connect(bool)
 .text._ZN3EVT4core2IO7CANf3xx10disconnectEv
                0x08000830       0x10 libs/EVT-core/libEVTd.a(CANf3xx.cpp.obj)
                0x08000830                EVT::core::IO::CANf3xx::disconnect()
 .text._ZN3EVT4core2IO7CANf3xx8transmitERNS1_10CANMessageE
                0x08000840       0xac libs/EVT-core/libEVTd.a(CANf3xx.cpp.obj)
                0x08000840                EVT::core::IO::CANf3xx::transmit(EVT::core::IO::CANMessage&)
 .text.CAN_RX0_IRQHandler
                0x080008ec       0x10 libs/EVT-core/libEVTd.a(CANf3xx.cpp.obj)
                0x080008ec                CAN_RX0_IRQHandler
 .text._ZN3EVT4core2IO7CANf3xx10triggerIRQERNS1_10CANMessageE
                0x080008fc       0x16 libs/EVT-core/libEVTd.a(CANf3xx.cpp.obj)
                0x080008fc                EVT::core::IO::CANf3xx::triggerIRQ(EVT::core::IO::CANMessage&)
 .text._ZN3EVT4core5types10FixedQueueILj100ENS0_2IO10CANMessageEEC2Eb
                0x08000912       0x3e libs/EVT-core/libEVTd.a(CANf3xx.cpp.obj)
                0x08000912                EVT::core::types::FixedQueue<100u, EVT::core::IO::CANMessage>::FixedQueue(bool)
                0x08000912                EVT::core::types::FixedQueue<100u, EVT::core::IO::CANMessage>::FixedQueue(bool)
 .text._ZN3EVT4core2IO7CANf3xxC2ENS1_3PinES3_b
                0x08000950       0x50 libs/EVT-core/libEVTd.a(CANf3xx.cpp.obj)
                0x08000950                EVT::core::IO::CANf3xx::CANf3xx(EVT::core::IO::Pin, EVT::core::IO::Pin, bool)
                0x08000950                EVT::core::IO::CANf3xx::CANf3xx(EVT::core::IO::Pin, EVT::core::IO::Pin, bool)
 .text._ZN3EVT4core5types10FixedQueueILj100ENS0_2IO10CANMessageEE3popEPS4_
                0x080009a0       0x3c libs/EVT-core/libEVTd.a(CANf3xx.cpp.obj)
                0x080009a0                EVT::core::types::FixedQueue<100u, EVT::core::IO::CANMessage>::pop(EVT::core::IO::CANMessage*)
 .text._ZN3EVT4core2IO7CANf3xx7receiveEPNS1_10CANMessageEb
                0x080009dc       0x36 libs/EVT-core/libEVTd.a(CANf3xx.cpp.obj)
                0x080009dc                EVT::core::IO::CANf3xx::receive(EVT::core::IO::CANMessage*, bool)
 .text._ZN3EVT4core5types10FixedQueueILj100ENS0_2IO10CANMessageEE6appendERS4_
                0x08000a12       0x64 libs/EVT-core/libEVTd.a(CANf3xx.cpp.obj)
                0x08000a12                EVT::core::types::FixedQueue<100u, EVT::core::IO::CANMessage>::append(EVT::core::IO::CANMessage&)
 .text._ZN3EVT4core2IO7CANf3xx13addCANMessageERNS1_10CANMessageE
                0x08000a76       0x1c libs/EVT-core/libEVTd.a(CANf3xx.cpp.obj)
                0x08000a76                EVT::core::IO::CANf3xx::addCANMessage(EVT::core::IO::CANMessage&)
 *fill*         0x08000a92        0x2 
 .text.HAL_CAN_RxFifo0MsgPendingCallback
                0x08000a94       0x60 libs/EVT-core/libEVTd.a(CANf3xx.cpp.obj)
                0x08000a94                HAL_CAN_RxFifo0MsgPendingCallback
 .text.EXTI0_IRQHandler
                0x08000af4        0xa libs/EVT-core/libEVTd.a(GPIOf3xx.cpp.obj)
                0x08000af4                EXTI0_IRQHandler
 .text.EXTI1_IRQHandler
                0x08000afe        0xa libs/EVT-core/libEVTd.a(GPIOf3xx.cpp.obj)
                0x08000afe                EXTI1_IRQHandler
 .text.EXTI2_TSC_IRQHandler
                0x08000b08        0xa libs/EVT-core/libEVTd.a(GPIOf3xx.cpp.obj)
                0x08000b08                EXTI2_TSC_IRQHandler
 .text.EXTI3_IRQHandler
                0x08000b12        0xa libs/EVT-core/libEVTd.a(GPIOf3xx.cpp.obj)
                0x08000b12                EXTI3_IRQHandler
 .text.EXTI4_IRQHandler
                0x08000b1c        0xa libs/EVT-core/libEVTd.a(GPIOf3xx.cpp.obj)
                0x08000b1c                EXTI4_IRQHandler
 .text.EXTI9_5_IRQHandler
                0x08000b26       0x26 libs/EVT-core/libEVTd.a(GPIOf3xx.cpp.obj)
                0x08000b26                EXTI9_5_IRQHandler
 .text.EXTI15_10_IRQHandler
                0x08000b4c       0x34 libs/EVT-core/libEVTd.a(GPIOf3xx.cpp.obj)
                0x08000b4c                EXTI15_10_IRQHandler
 .text.HAL_GPIO_EXTI_Callback
                0x08000b80       0x2c libs/EVT-core/libEVTd.a(GPIOf3xx.cpp.obj)
                0x08000b80                HAL_GPIO_EXTI_Callback
 .text._ZN3EVT4core2IO8GPIOf3xx13gpioStateInitEP16GPIO_InitTypeDefPNS1_3PinEhmmmh
                0x08000bac      0x12c libs/EVT-core/libEVTd.a(GPIOf3xx.cpp.obj)
                0x08000bac                EVT::core::IO::GPIOf3xx::gpioStateInit(GPIO_InitTypeDef*, EVT::core::IO::Pin*, unsigned char, unsigned long, unsigned long, unsigned long, unsigned char)
 .text._ZN3EVT4core2IO8UARTf3xx11setBaudrateEm
                0x08000cd8        0x6 libs/EVT-core/libEVTd.a(UARTf3xx.cpp.obj)
                0x08000cd8                EVT::core::IO::UARTf3xx::setBaudrate(unsigned long)
 .text._ZN3EVT4core2IO8UARTf3xx9setFormatENS1_4UART10WordLengthENS3_6ParityENS3_11NumStopBitsE
                0x08000cde        0x8 libs/EVT-core/libEVTd.a(UARTf3xx.cpp.obj)
                0x08000cde                EVT::core::IO::UARTf3xx::setFormat(EVT::core::IO::UART::WordLength, EVT::core::IO::UART::Parity, EVT::core::IO::UART::NumStopBits)
 .text._ZN3EVT4core2IO8UARTf3xx10isReadableEv
                0x08000ce6        0xa libs/EVT-core/libEVTd.a(UARTf3xx.cpp.obj)
                0x08000ce6                EVT::core::IO::UARTf3xx::isReadable()
 .text._ZN3EVT4core2IO8UARTf3xx10isWritableEv
                0x08000cf0        0xa libs/EVT-core/libEVTd.a(UARTf3xx.cpp.obj)
                0x08000cf0                EVT::core::IO::UARTf3xx::isWritable()
 .text._ZN3EVT4core2IO8UARTf3xx5writeEh
                0x08000cfa        0xa libs/EVT-core/libEVTd.a(UARTf3xx.cpp.obj)
                0x08000cfa                EVT::core::IO::UARTf3xx::write(unsigned char)
 .text._ZN3EVT4core2IO8UARTf3xx4readEv
                0x08000d04        0xa libs/EVT-core/libEVTd.a(UARTf3xx.cpp.obj)
                0x08000d04                EVT::core::IO::UARTf3xx::read()
 .text._ZN3EVT4core2IO8UARTf3xx9sendBreakEv
                0x08000d0e        0xa libs/EVT-core/libEVTd.a(UARTf3xx.cpp.obj)
                0x08000d0e                EVT::core::IO::UARTf3xx::sendBreak()
 .text._ZN3EVT4core2IO8UARTf3xx4putcEc
                0x08000d18       0x1c libs/EVT-core/libEVTd.a(UARTf3xx.cpp.obj)
                0x08000d18                EVT::core::IO::UARTf3xx::putc(char)
 .text._ZN3EVT4core2IO8UARTf3xx10writeBytesEPhj
                0x08000d34        0xe libs/EVT-core/libEVTd.a(UARTf3xx.cpp.obj)
                0x08000d34                EVT::core::IO::UARTf3xx::writeBytes(unsigned char*, unsigned int)
 .text._ZN3EVT4core2IO8UARTf3xx4putsEPKc
                0x08000d42       0x26 libs/EVT-core/libEVTd.a(UARTf3xx.cpp.obj)
                0x08000d42                EVT::core::IO::UARTf3xx::puts(char const*)
 .text._ZN3EVT4core2IO8UARTf3xx4getcEv
                0x08000d68       0x22 libs/EVT-core/libEVTd.a(UARTf3xx.cpp.obj)
                0x08000d68                EVT::core::IO::UARTf3xx::getc()
 .text._ZN3EVT4core2IO8UARTf3xx9readBytesEPhj
                0x08000d8a        0xe libs/EVT-core/libEVTd.a(UARTf3xx.cpp.obj)
                0x08000d8a                EVT::core::IO::UARTf3xx::readBytes(unsigned char*, unsigned int)
 .text._ZN3EVT4core2IO8UARTf3xx6printfEPKcz
                0x08000d98       0x3a libs/EVT-core/libEVTd.a(UARTf3xx.cpp.obj)
                0x08000d98                EVT::core::IO::UARTf3xx::printf(char const*, ...)
 *fill*         0x08000dd2        0x2 
 .text._ZN3EVT4core2IO8UARTf3xxC2ENS1_3PinES3_mb
                0x08000dd4      0x15c libs/EVT-core/libEVTd.a(UARTf3xx.cpp.obj)
                0x08000dd4                EVT::core::IO::UARTf3xx::UARTf3xx(EVT::core::IO::Pin, EVT::core::IO::Pin, unsigned long, bool)
                0x08000dd4                EVT::core::IO::UARTf3xx::UARTf3xx(EVT::core::IO::Pin, EVT::core::IO::Pin, unsigned long, bool)
 .text._ZN3EVT4core2IO10CANMessageC2EmhPhb
                0x08000f30       0x2c libs/EVT-core/libEVTd.a(CANMessage.cpp.obj)
                0x08000f30                EVT::core::IO::CANMessage::CANMessage(unsigned long, unsigned char, unsigned char*, bool)
                0x08000f30                EVT::core::IO::CANMessage::CANMessage(unsigned long, unsigned char, unsigned char*, bool)
 .text._ZN3EVT4core2IO10CANMessageC2Ev
                0x08000f5c        0x8 libs/EVT-core/libEVTd.a(CANMessage.cpp.obj)
                0x08000f5c                EVT::core::IO::CANMessage::CANMessage()
                0x08000f5c                EVT::core::IO::CANMessage::CANMessage()
 .text._ZN3EVT4core2IO10CANMessage5getIdEv
                0x08000f64        0x4 libs/EVT-core/libEVTd.a(CANMessage.cpp.obj)
                0x08000f64                EVT::core::IO::CANMessage::getId()
 .text._ZN3EVT4core2IO10CANMessage13getDataLengthEv
                0x08000f68        0x4 libs/EVT-core/libEVTd.a(CANMessage.cpp.obj)
                0x08000f68                EVT::core::IO::CANMessage::getDataLength()
 .text._ZN3EVT4core2IO10CANMessage10getPayloadEv
                0x08000f6c        0x4 libs/EVT-core/libEVTd.a(CANMessage.cpp.obj)
                0x08000f6c                EVT::core::IO::CANMessage::getPayload()
 .text._ZN3EVT4core2IO10CANMessage10setPayloadEPKh
                0x08000f70        0xe libs/EVT-core/libEVTd.a(CANMessage.cpp.obj)
                0x08000f70                EVT::core::IO::CANMessage::setPayload(unsigned char const*)
 .text._ZN3EVT4core2IO10CANMessageaSERKS2_
                0x08000f7e       0x16 libs/EVT-core/libEVTd.a(CANMessage.cpp.obj)
                0x08000f7e                EVT::core::IO::CANMessage::operator=(EVT::core::IO::CANMessage const&)
 .text._ZN3EVT4core2IO10CANMessage13isCANExtendedEv
                0x08000f94        0x4 libs/EVT-core/libEVTd.a(CANMessage.cpp.obj)
                0x08000f94                EVT::core::IO::CANMessage::isCANExtended()
 .text._ZN3EVT4core4time4waitEm
                0x08000f98       0x14 libs/EVT-core/libEVTd.a(time.cpp.obj)
                0x08000f98                EVT::core::time::wait(unsigned long)
 .text._ZN3EVT4core3log6Logger3logENS2_8LogLevelEPKcz
                0x08000fac        0x6 libs/EVT-core/libEVTd.a(log.cpp.obj)
                0x08000fac                EVT::core::log::Logger::log(EVT::core::log::Logger::LogLevel, char const*, ...)
 *fill*         0x08000fb2        0x2 
 .text._ZN3EVT4core2IO4UARTC2ENS1_3PinES3_m
                0x08000fb4       0x18 libs/EVT-core/libEVTd.a(UART.cpp.obj)
                0x08000fb4                EVT::core::IO::UART::UART(EVT::core::IO::Pin, EVT::core::IO::Pin, unsigned long)
                0x08000fb4                EVT::core::IO::UART::UART(EVT::core::IO::Pin, EVT::core::IO::Pin, unsigned long)
 .text.HAL_MspInit
                0x08000fcc        0x2 libs/EVT-core/libs/HALf3/libHALf3d.a(stm32f3xx_hal.c.obj)
                0x08000fcc                HAL_MspInit
 *fill*         0x08000fce        0x2 
 .text.HAL_InitTick
                0x08000fd0       0x4c libs/EVT-core/libs/HALf3/libHALf3d.a(stm32f3xx_hal.c.obj)
                0x08000fd0                HAL_InitTick
 .text.HAL_Init
                0x0800101c       0x24 libs/EVT-core/libs/HALf3/libHALf3d.a(stm32f3xx_hal.c.obj)
                0x0800101c                HAL_Init
 .text.HAL_IncTick
                0x08001040       0x18 libs/EVT-core/libs/HALf3/libHALf3d.a(stm32f3xx_hal.c.obj)
                0x08001040                HAL_IncTick
 .text.HAL_GetTick
                0x08001058        0xc libs/EVT-core/libs/HALf3/libHALf3d.a(stm32f3xx_hal.c.obj)
                0x08001058                HAL_GetTick
 .text.HAL_Delay
                0x08001064       0x28 libs/EVT-core/libs/HALf3/libHALf3d.a(stm32f3xx_hal.c.obj)
                0x08001064                HAL_Delay
 .text.HAL_CAN_MspInit
                0x0800108c        0x2 libs/EVT-core/libs/HALf3/libHALf3d.a(stm32f3xx_hal_can.c.obj)
                0x0800108c                HAL_CAN_MspInit
 .text.HAL_CAN_Init
                0x0800108e      0x14c libs/EVT-core/libs/HALf3/libHALf3d.a(stm32f3xx_hal_can.c.obj)
                0x0800108e                HAL_CAN_Init
 .text.HAL_CAN_ConfigFilter
                0x080011da      0x106 libs/EVT-core/libs/HALf3/libHALf3d.a(stm32f3xx_hal_can.c.obj)
                0x080011da                HAL_CAN_ConfigFilter
 .text.HAL_CAN_Start
                0x080012e0       0x5c libs/EVT-core/libs/HALf3/libHALf3d.a(stm32f3xx_hal_can.c.obj)
                0x080012e0                HAL_CAN_Start
 .text.HAL_CAN_Stop
                0x0800133c       0x62 libs/EVT-core/libs/HALf3/libHALf3d.a(stm32f3xx_hal_can.c.obj)
                0x0800133c                HAL_CAN_Stop
 .text.HAL_CAN_AddTxMessage
                0x0800139e       0xfc libs/EVT-core/libs/HALf3/libHALf3d.a(stm32f3xx_hal_can.c.obj)
                0x0800139e                HAL_CAN_AddTxMessage
 .text.HAL_CAN_GetTxMailboxesFreeLevel
                0x0800149a       0x32 libs/EVT-core/libs/HALf3/libHALf3d.a(stm32f3xx_hal_can.c.obj)
                0x0800149a                HAL_CAN_GetTxMailboxesFreeLevel
 .text.HAL_CAN_GetRxMessage
                0x080014cc      0x14a libs/EVT-core/libs/HALf3/libHALf3d.a(stm32f3xx_hal_can.c.obj)
                0x080014cc                HAL_CAN_GetRxMessage
 .text.HAL_CAN_ActivateNotification
                0x08001616       0x24 libs/EVT-core/libs/HALf3/libHALf3d.a(stm32f3xx_hal_can.c.obj)
                0x08001616                HAL_CAN_ActivateNotification
 .text.HAL_CAN_TxMailbox0CompleteCallback
                0x0800163a        0x2 libs/EVT-core/libs/HALf3/libHALf3d.a(stm32f3xx_hal_can.c.obj)
                0x0800163a                HAL_CAN_TxMailbox0CompleteCallback
 .text.HAL_CAN_TxMailbox1CompleteCallback
                0x0800163c        0x2 libs/EVT-core/libs/HALf3/libHALf3d.a(stm32f3xx_hal_can.c.obj)
                0x0800163c                HAL_CAN_TxMailbox1CompleteCallback
 .text.HAL_CAN_TxMailbox2CompleteCallback
                0x0800163e        0x2 libs/EVT-core/libs/HALf3/libHALf3d.a(stm32f3xx_hal_can.c.obj)
                0x0800163e                HAL_CAN_TxMailbox2CompleteCallback
 .text.HAL_CAN_TxMailbox0AbortCallback
                0x08001640        0x2 libs/EVT-core/libs/HALf3/libHALf3d.a(stm32f3xx_hal_can.c.obj)
                0x08001640                HAL_CAN_TxMailbox0AbortCallback
 .text.HAL_CAN_TxMailbox1AbortCallback
                0x08001642        0x2 libs/EVT-core/libs/HALf3/libHALf3d.a(stm32f3xx_hal_can.c.obj)
                0x08001642                HAL_CAN_TxMailbox1AbortCallback
 .text.HAL_CAN_TxMailbox2AbortCallback
                0x08001644        0x2 libs/EVT-core/libs/HALf3/libHALf3d.a(stm32f3xx_hal_can.c.obj)
                0x08001644                HAL_CAN_TxMailbox2AbortCallback
 .text.HAL_CAN_RxFifo0FullCallback
                0x08001646        0x2 libs/EVT-core/libs/HALf3/libHALf3d.a(stm32f3xx_hal_can.c.obj)
                0x08001646                HAL_CAN_RxFifo0FullCallback
 .text.HAL_CAN_RxFifo1MsgPendingCallback
                0x08001648        0x2 libs/EVT-core/libs/HALf3/libHALf3d.a(stm32f3xx_hal_can.c.obj)
                0x08001648                HAL_CAN_RxFifo1MsgPendingCallback
 .text.HAL_CAN_RxFifo1FullCallback
                0x0800164a        0x2 libs/EVT-core/libs/HALf3/libHALf3d.a(stm32f3xx_hal_can.c.obj)
                0x0800164a                HAL_CAN_RxFifo1FullCallback
 .text.HAL_CAN_SleepCallback
                0x0800164c        0x2 libs/EVT-core/libs/HALf3/libHALf3d.a(stm32f3xx_hal_can.c.obj)
                0x0800164c                HAL_CAN_SleepCallback
 .text.HAL_CAN_WakeUpFromRxMsgCallback
                0x0800164e        0x2 libs/EVT-core/libs/HALf3/libHALf3d.a(stm32f3xx_hal_can.c.obj)
                0x0800164e                HAL_CAN_WakeUpFromRxMsgCallback
 .text.HAL_CAN_ErrorCallback
                0x08001650        0x2 libs/EVT-core/libs/HALf3/libHALf3d.a(stm32f3xx_hal_can.c.obj)
                0x08001650                HAL_CAN_ErrorCallback
 .text.HAL_CAN_IRQHandler
                0x08001652      0x24a libs/EVT-core/libs/HALf3/libHALf3d.a(stm32f3xx_hal_can.c.obj)
                0x08001652                HAL_CAN_IRQHandler
 .text.__NVIC_SetPriority
                0x0800189c       0x28 libs/EVT-core/libs/HALf3/libHALf3d.a(stm32f3xx_hal_cortex.c.obj)
 .text.NVIC_EncodePriority
                0x080018c4       0x3e libs/EVT-core/libs/HALf3/libHALf3d.a(stm32f3xx_hal_cortex.c.obj)
 *fill*         0x08001902        0x2 
 .text.HAL_NVIC_SetPriorityGrouping
                0x08001904       0x24 libs/EVT-core/libs/HALf3/libHALf3d.a(stm32f3xx_hal_cortex.c.obj)
                0x08001904                HAL_NVIC_SetPriorityGrouping
 .text.HAL_NVIC_SetPriority
                0x08001928       0x20 libs/EVT-core/libs/HALf3/libHALf3d.a(stm32f3xx_hal_cortex.c.obj)
                0x08001928                HAL_NVIC_SetPriority
 .text.HAL_NVIC_EnableIRQ
                0x08001948       0x1c libs/EVT-core/libs/HALf3/libHALf3d.a(stm32f3xx_hal_cortex.c.obj)
                0x08001948                HAL_NVIC_EnableIRQ
 .text.HAL_SYSTICK_Config
                0x08001964       0x28 libs/EVT-core/libs/HALf3/libHALf3d.a(stm32f3xx_hal_cortex.c.obj)
                0x08001964                HAL_SYSTICK_Config
 .text.HAL_GPIO_Init
                0x0800198c      0x194 libs/EVT-core/libs/HALf3/libHALf3d.a(stm32f3xx_hal_gpio.c.obj)
                0x0800198c                HAL_GPIO_Init
 .text.HAL_GPIO_EXTI_IRQHandler
                0x08001b20       0x1c libs/EVT-core/libs/HALf3/libHALf3d.a(stm32f3xx_hal_gpio.c.obj)
                0x08001b20                HAL_GPIO_EXTI_IRQHandler
 .text.HAL_RCC_OscConfig
                0x08001b3c      0x630 libs/EVT-core/libs/HALf3/libHALf3d.a(stm32f3xx_hal_rcc.c.obj)
                0x08001b3c                HAL_RCC_OscConfig
 .text.HAL_RCC_GetSysClockFreq
                0x0800216c       0x7c libs/EVT-core/libs/HALf3/libHALf3d.a(stm32f3xx_hal_rcc.c.obj)
                0x0800216c                HAL_RCC_GetSysClockFreq
 .text.HAL_RCC_ClockConfig
                0x080021e8      0x1a8 libs/EVT-core/libs/HALf3/libHALf3d.a(stm32f3xx_hal_rcc.c.obj)
                0x080021e8                HAL_RCC_ClockConfig
 .text.HAL_RCC_GetHCLKFreq
                0x08002390        0xc libs/EVT-core/libs/HALf3/libHALf3d.a(stm32f3xx_hal_rcc.c.obj)
                0x08002390                HAL_RCC_GetHCLKFreq
 .text.HAL_RCC_GetPCLK1Freq
                0x0800239c       0x2c libs/EVT-core/libs/HALf3/libHALf3d.a(stm32f3xx_hal_rcc.c.obj)
                0x0800239c                HAL_RCC_GetPCLK1Freq
 .text.HAL_RCC_GetPCLK2Freq
                0x080023c8       0x2c libs/EVT-core/libs/HALf3/libHALf3d.a(stm32f3xx_hal_rcc.c.obj)
                0x080023c8                HAL_RCC_GetPCLK2Freq
 .text.HAL_UART_MspInit
                0x080023f4        0x2 libs/EVT-core/libs/HALf3/libHALf3d.a(stm32f3xx_hal_uart.c.obj)
                0x080023f4                HAL_UART_MspInit
 .text.HAL_LIN_SendBreak
                0x080023f6       0x2e libs/EVT-core/libs/HALf3/libHALf3d.a(stm32f3xx_hal_uart.c.obj)
                0x080023f6                HAL_LIN_SendBreak
 .text.UART_SetConfig
                0x08002424      0x1d8 libs/EVT-core/libs/HALf3/libHALf3d.a(stm32f3xx_hal_uart.c.obj)
                0x08002424                UART_SetConfig
 .text.UART_AdvFeatureConfig
                0x080025fc       0xca libs/EVT-core/libs/HALf3/libHALf3d.a(stm32f3xx_hal_uart.c.obj)
                0x080025fc                UART_AdvFeatureConfig
 .text.UART_WaitOnFlagUntilTimeout
                0x080026c6       0xa2 libs/EVT-core/libs/HALf3/libHALf3d.a(stm32f3xx_hal_uart.c.obj)
                0x080026c6                UART_WaitOnFlagUntilTimeout
 .text.HAL_UART_Transmit
                0x08002768       0xd6 libs/EVT-core/libs/HALf3/libHALf3d.a(stm32f3xx_hal_uart.c.obj)
                0x08002768                HAL_UART_Transmit
 .text.HAL_UART_Receive
                0x0800283e      0x11e libs/EVT-core/libs/HALf3/libHALf3d.a(stm32f3xx_hal_uart.c.obj)
                0x0800283e                HAL_UART_Receive
 .text.UART_CheckIdleState
                0x0800295c       0x6c libs/EVT-core/libs/HALf3/libHALf3d.a(stm32f3xx_hal_uart.c.obj)
                0x0800295c                UART_CheckIdleState
 .text.HAL_UART_Init
                0x080029c8       0x62 libs/EVT-core/libs/HALf3/libHALf3d.a(stm32f3xx_hal_uart.c.obj)
                0x080029c8                HAL_UART_Init
 .text.NMI_Handler
                0x08002a2a        0x2 libs/EVT-core/libs/HALf3/libHALf3d.a(stm32f3xx_it.c.obj)
                0x08002a2a                NMI_Handler
 .text.HardFault_Handler
                0x08002a2c        0x2 libs/EVT-core/libs/HALf3/libHALf3d.a(stm32f3xx_it.c.obj)
                0x08002a2c                HardFault_Handler
 .text.MemManage_Handler
                0x08002a2e        0x2 libs/EVT-core/libs/HALf3/libHALf3d.a(stm32f3xx_it.c.obj)
                0x08002a2e                MemManage_Handler
 .text.BusFault_Handler
                0x08002a30        0x2 libs/EVT-core/libs/HALf3/libHALf3d.a(stm32f3xx_it.c.obj)
                0x08002a30                BusFault_Handler
 .text.UsageFault_Handler
                0x08002a32        0x2 libs/EVT-core/libs/HALf3/libHALf3d.a(stm32f3xx_it.c.obj)
                0x08002a32                UsageFault_Handler
 .text.SVC_Handler
                0x08002a34        0x2 libs/EVT-core/libs/HALf3/libHALf3d.a(stm32f3xx_it.c.obj)
                0x08002a34                SVC_Handler
 .text.DebugMon_Handler
                0x08002a36        0x2 libs/EVT-core/libs/HALf3/libHALf3d.a(stm32f3xx_it.c.obj)
                0x08002a36                DebugMon_Handler
 .text.PendSV_Handler
                0x08002a38        0x2 libs/EVT-core/libs/HALf3/libHALf3d.a(stm32f3xx_it.c.obj)
                0x08002a38                PendSV_Handler
 .text.SysTick_Handler
                0x08002a3a        0x8 libs/EVT-core/libs/HALf3/libHALf3d.a(stm32f3xx_it.c.obj)
                0x08002a3a                SysTick_Handler
 *fill*         0x08002a42        0x2 
 .text.SystemInit
                0x08002a44       0x1c libs/EVT-core/libs/HALf3/libHALf3d.a(system_stm32f3xx.c.obj)
                0x08002a44                SystemInit
 .text.Reset_Handler
                0x08002a60       0x50 libs/EVT-core/libs/HALf3/libHALf3d.a(startup_stm32f334x8.s.obj)
                0x08002a60                Reset_Handler
 .text.Default_Handler
                0x08002ab0        0x2 libs/EVT-core/libs/HALf3/libHALf3d.a(startup_stm32f334x8.s.obj)
                0x08002ab0                TIM1_BRK_TIM15_IRQHandler
                0x08002ab0                HRTIM1_Master_IRQHandler
                0x08002ab0                TIM1_CC_IRQHandler
                0x08002ab0                HRTIM1_FLT_IRQHandler
                0x08002ab0                PVD_IRQHandler
                0x08002ab0                HRTIM1_TIMD_IRQHandler
                0x08002ab0                TAMP_STAMP_IRQHandler
                0x08002ab0                FPU_IRQHandler
                0x08002ab0                CAN_TX_IRQHandler
                0x08002ab0                TIM1_UP_TIM16_IRQHandler
                0x08002ab0                ADC1_2_IRQHandler
                0x08002ab0                HRTIM1_TIME_IRQHandler
                0x08002ab0                SPI1_IRQHandler
                0x08002ab0                CAN_SCE_IRQHandler
                0x08002ab0                HRTIM1_TIMC_IRQHandler
                0x08002ab0                DMA1_Channel4_IRQHandler
                0x08002ab0                USART3_IRQHandler
                0x08002ab0                DMA1_Channel7_IRQHandler
                0x08002ab0                TIM7_DAC2_IRQHandler
                0x08002ab0                CAN_RX1_IRQHandler
                0x08002ab0                I2C1_EV_IRQHandler
                0x08002ab0                DMA1_Channel6_IRQHandler
                0x08002ab0                TIM3_IRQHandler
                0x08002ab0                RCC_IRQHandler
                0x08002ab0                DMA1_Channel1_IRQHandler
                0x08002ab0                Default_Handler
                0x08002ab0                COMP2_IRQHandler
                0x08002ab0                HRTIM1_TIMA_IRQHandler
                0x08002ab0                TIM6_DAC1_IRQHandler
                0x08002ab0                RTC_WKUP_IRQHandler
                0x08002ab0                DMA1_Channel5_IRQHandler
                0x08002ab0                HRTIM1_TIMB_IRQHandler
                0x08002ab0                TIM1_TRG_COM_TIM17_IRQHandler
                0x08002ab0                DMA1_Channel3_IRQHandler
                0x08002ab0                WWDG_IRQHandler
                0x08002ab0                TIM2_IRQHandler
                0x08002ab0                COMP4_6_IRQHandler
                0x08002ab0                USART2_IRQHandler
                0x08002ab0                DMA1_Channel2_IRQHandler
                0x08002ab0                FLASH_IRQHandler
                0x08002ab0                USART1_IRQHandler
                0x08002ab0                I2C1_ER_IRQHandler
                0x08002ab0                RTC_Alarm_IRQHandler
 .text.__cxa_end_cleanup
                0x08002ab2        0xc /opt/homebrew/Cellar/arm-gnu-toolchain@12/12.3.rel1/bin/../lib/gcc/arm-none-eabi/12.3.1/../../../../arm-none-eabi/lib/thumb/v7e-m+fp/hard/libstdc++_nano.a(eh_arm.o)
                0x08002ab2                __cxa_end_cleanup
 .text._ZN10__cxxabiv1L24__is_gxx_exception_classEPc
                0x08002abe       0x3a /opt/homebrew/Cellar/arm-gnu-toolchain@12/12.3.rel1/bin/../lib/gcc/arm-none-eabi/12.3.1/../../../../arm-none-eabi/lib/thumb/v7e-m+fp/hard/libstdc++_nano.a(eh_arm.o)
 .text.__cxa_type_match
                0x08002af8       0xa0 /opt/homebrew/Cellar/arm-gnu-toolchain@12/12.3.rel1/bin/../lib/gcc/arm-none-eabi/12.3.1/../../../../arm-none-eabi/lib/thumb/v7e-m+fp/hard/libstdc++_nano.a(eh_arm.o)
                0x08002af8                __cxa_type_match
 .text.__cxa_begin_cleanup
                0x08002b98       0x3a /opt/homebrew/Cellar/arm-gnu-toolchain@12/12.3.rel1/bin/../lib/gcc/arm-none-eabi/12.3.1/../../../../arm-none-eabi/lib/thumb/v7e-m+fp/hard/libstdc++_nano.a(eh_arm.o)
                0x08002b98                __cxa_begin_cleanup
 .text.__gnu_end_cleanup
                0x08002bd2       0x32 /opt/homebrew/Cellar/arm-gnu-toolchain@12/12.3.rel1/bin/../lib/gcc/arm-none-eabi/12.3.1/../../../../arm-none-eabi/lib/thumb/v7e-m+fp/hard/libstdc++_nano.a(eh_arm.o)
                0x08002bd2                __gnu_end_cleanup
 .text._ZN12_GLOBAL__N_113constant_initD2Ev
                0x08002c04        0x2 /opt/homebrew/Cellar/arm-gnu-toolchain@12/12.3.rel1/bin/../lib/gcc/arm-none-eabi/12.3.1/../../../../arm-none-eabi/lib/thumb/v7e-m+fp/hard/libstdc++_nano.a(eh_globals.o)
 *fill*         0x08002c06        0x2 
 .text.__cxa_get_globals
                0x08002c08        0x8 /opt/homebrew/Cellar/arm-gnu-toolchain@12/12.3.rel1/bin/../lib/gcc/arm-none-eabi/12.3.1/../../../../arm-none-eabi/lib/thumb/v7e-m+fp/hard/libstdc++_nano.a(eh_globals.o)
                0x08002c08                __cxa_get_globals
 .text.startup._GLOBAL__sub_I___cxa_get_globals_fast
                0x08002c10       0x18 /opt/homebrew/Cellar/arm-gnu-toolchain@12/12.3.rel1/bin/../lib/gcc/arm-none-eabi/12.3.1/../../../../arm-none-eabi/lib/thumb/v7e-m+fp/hard/libstdc++_nano.a(eh_globals.o)
 .text._ZL12read_uleb128PKhPm
                0x08002c28       0x1e /opt/homebrew/Cellar/arm-gnu-toolchain@12/12.3.rel1/bin/../lib/gcc/arm-none-eabi/12.3.1/../../../../arm-none-eabi/lib/thumb/v7e-m+fp/hard/libstdc++_nano.a(eh_personality.o)
 .text._ZL12read_sleb128PKhPl
                0x08002c46       0x30 /opt/homebrew/Cellar/arm-gnu-toolchain@12/12.3.rel1/bin/../lib/gcc/arm-none-eabi/12.3.1/../../../../arm-none-eabi/lib/thumb/v7e-m+fp/hard/libstdc++_nano.a(eh_personality.o)
 .text._ZL28read_encoded_value_with_basehjPKhPj
                0x08002c76       0x8c /opt/homebrew/Cellar/arm-gnu-toolchain@12/12.3.rel1/bin/../lib/gcc/arm-none-eabi/12.3.1/../../../../arm-none-eabi/lib/thumb/v7e-m+fp/hard/libstdc++_nano.a(eh_personality.o)
 .text._ZL21base_of_encoded_valuehP15_Unwind_Context
                0x08002d02       0x42 /opt/homebrew/Cellar/arm-gnu-toolchain@12/12.3.rel1/bin/../lib/gcc/arm-none-eabi/12.3.1/../../../../arm-none-eabi/lib/thumb/v7e-m+fp/hard/libstdc++_nano.a(eh_personality.o)
 .text._ZL18read_encoded_valueP15_Unwind_ContexthPKhPj
                0x08002d44       0x20 /opt/homebrew/Cellar/arm-gnu-toolchain@12/12.3.rel1/bin/../lib/gcc/arm-none-eabi/12.3.1/../../../../arm-none-eabi/lib/thumb/v7e-m+fp/hard/libstdc++_nano.a(eh_personality.o)
 .text._ZL17parse_lsda_headerP15_Unwind_ContextPKhP16lsda_header_info
                0x08002d64       0x5e /opt/homebrew/Cellar/arm-gnu-toolchain@12/12.3.rel1/bin/../lib/gcc/arm-none-eabi/12.3.1/../../../../arm-none-eabi/lib/thumb/v7e-m+fp/hard/libstdc++_nano.a(eh_personality.o)
 .text._Unwind_GetGR
                0x08002dc2       0x18 /opt/homebrew/Cellar/arm-gnu-toolchain@12/12.3.rel1/bin/../lib/gcc/arm-none-eabi/12.3.1/../../../../arm-none-eabi/lib/thumb/v7e-m+fp/hard/libstdc++_nano.a(eh_personality.o)
 *fill*         0x08002dda        0x2 
 .text.__gxx_personality_v0
                0x08002ddc      0x330 /opt/homebrew/Cellar/arm-gnu-toolchain@12/12.3.rel1/bin/../lib/gcc/arm-none-eabi/12.3.1/../../../../arm-none-eabi/lib/thumb/v7e-m+fp/hard/libstdc++_nano.a(eh_personality.o)
                0x08002ddc                __gxx_personality_v0
 .text._ZN10__cxxabiv111__terminateEPFvvE
                0x0800310c        0x8 /opt/homebrew/Cellar/arm-gnu-toolchain@12/12.3.rel1/bin/../lib/gcc/arm-none-eabi/12.3.1/../../../../arm-none-eabi/lib/thumb/v7e-m+fp/hard/libstdc++_nano.a(eh_terminate.o)
                0x0800310c                __cxxabiv1::__terminate(void (*)())
 .text._ZSt13get_terminatev
                0x08003114       0x10 /opt/homebrew/Cellar/arm-gnu-toolchain@12/12.3.rel1/bin/../lib/gcc/arm-none-eabi/12.3.1/../../../../arm-none-eabi/lib/thumb/v7e-m+fp/hard/libstdc++_nano.a(eh_terminate.o)
                0x08003114                std::get_terminate()
 .text._ZSt9terminatev
                0x08003124        0xa /opt/homebrew/Cellar/arm-gnu-toolchain@12/12.3.rel1/bin/../lib/gcc/arm-none-eabi/12.3.1/../../../../arm-none-eabi/lib/thumb/v7e-m+fp/hard/libstdc++_nano.a(eh_terminate.o)
                0x08003124                std::terminate()
 .text._ZN10__cxxabiv112__unexpectedEPFvvE
                0x0800312e        0x8 /opt/homebrew/Cellar/arm-gnu-toolchain@12/12.3.rel1/bin/../lib/gcc/arm-none-eabi/12.3.1/../../../../arm-none-eabi/lib/thumb/v7e-m+fp/hard/libstdc++_nano.a(eh_terminate.o)
                0x0800312e                __cxxabiv1::__unexpected(void (*)())
 *fill*         0x08003136        0x2 
 .text._ZSt14get_unexpectedv
                0x08003138       0x10 /opt/homebrew/Cellar/arm-gnu-toolchain@12/12.3.rel1/bin/../lib/gcc/arm-none-eabi/12.3.1/../../../../arm-none-eabi/lib/thumb/v7e-m+fp/hard/libstdc++_nano.a(eh_terminate.o)
                0x08003138                std::get_unexpected()
 .text._ZSt10unexpectedv
                0x08003148        0xa /opt/homebrew/Cellar/arm-gnu-toolchain@12/12.3.rel1/bin/../lib/gcc/arm-none-eabi/12.3.1/../../../../arm-none-eabi/lib/thumb/v7e-m+fp/hard/libstdc++_nano.a(eh_terminate.o)
                0x08003148                std::unexpected()
 .text.__cxa_guard_acquire
                0x08003152       0x18 /opt/homebrew/Cellar/arm-gnu-toolchain@12/12.3.rel1/bin/../lib/gcc/arm-none-eabi/12.3.1/../../../../arm-none-eabi/lib/thumb/v7e-m+fp/hard/libstdc++_nano.a(guard.o)
                0x08003152                __cxa_guard_acquire
 .text.__cxa_guard_abort
                0x0800316a        0x6 /opt/homebrew/Cellar/arm-gnu-toolchain@12/12.3.rel1/bin/../lib/gcc/arm-none-eabi/12.3.1/../../../../arm-none-eabi/lib/thumb/v7e-m+fp/hard/libstdc++_nano.a(guard.o)
                0x0800316a                __cxa_guard_abort
 .text.__cxa_guard_release
                0x08003170        0x6 /opt/homebrew/Cellar/arm-gnu-toolchain@12/12.3.rel1/bin/../lib/gcc/arm-none-eabi/12.3.1/../../../../arm-none-eabi/lib/thumb/v7e-m+fp/hard/libstdc++_nano.a(guard.o)
                0x08003170                __cxa_guard_release
 *fill*         0x08003176        0x2 
 .text._ZN10__cxxabiv120__si_class_type_infoD2Ev
                0x08003178       0x14 /opt/homebrew/Cellar/arm-gnu-toolchain@12/12.3.rel1/bin/../lib/gcc/arm-none-eabi/12.3.1/../../../../arm-none-eabi/lib/thumb/v7e-m+fp/hard/libstdc++_nano.a(si_class_type_info.o)
                0x08003178                __cxxabiv1::__si_class_type_info::~__si_class_type_info()
                0x08003178                __cxxabiv1::__si_class_type_info::~__si_class_type_info()
 .text._ZN10__cxxabiv120__si_class_type_infoD0Ev
                0x0800318c       0x14 /opt/homebrew/Cellar/arm-gnu-toolchain@12/12.3.rel1/bin/../lib/gcc/arm-none-eabi/12.3.1/../../../../arm-none-eabi/lib/thumb/v7e-m+fp/hard/libstdc++_nano.a(si_class_type_info.o)
                0x0800318c                __cxxabiv1::__si_class_type_info::~__si_class_type_info()
 .text._ZNK10__cxxabiv120__si_class_type_info20__do_find_public_srcEiPKvPKNS_17__class_type_infoES2_
                0x080031a0       0x3c /opt/homebrew/Cellar/arm-gnu-toolchain@12/12.3.rel1/bin/../lib/gcc/arm-none-eabi/12.3.1/../../../../arm-none-eabi/lib/thumb/v7e-m+fp/hard/libstdc++_nano.a(si_class_type_info.o)
                0x080031a0                __cxxabiv1::__si_class_type_info::__do_find_public_src(int, void const*, __cxxabiv1::__class_type_info const*, void const*) const
 .text._ZNK10__cxxabiv120__si_class_type_info12__do_dyncastEiNS_17__class_type_info10__sub_kindEPKS1_PKvS4_S6_RNS1_16__dyncast_resultE
                0x080031dc       0x74 /opt/homebrew/Cellar/arm-gnu-toolchain@12/12.3.rel1/bin/../lib/gcc/arm-none-eabi/12.3.1/../../../../arm-none-eabi/lib/thumb/v7e-m+fp/hard/libstdc++_nano.a(si_class_type_info.o)
                0x080031dc                __cxxabiv1::__si_class_type_info::__do_dyncast(int, __cxxabiv1::__class_type_info::__sub_kind, __cxxabiv1::__class_type_info const*, void const*, __cxxabiv1::__class_type_info const*, void const*, __cxxabiv1::__class_type_info::__dyncast_result&) const
 .text._ZNK10__cxxabiv120__si_class_type_info11__do_upcastEPKNS_17__class_type_infoEPKvRNS1_15__upcast_resultE
                0x08003250       0x2a /opt/homebrew/Cellar/arm-gnu-toolchain@12/12.3.rel1/bin/../lib/gcc/arm-none-eabi/12.3.1/../../../../arm-none-eabi/lib/thumb/v7e-m+fp/hard/libstdc++_nano.a(si_class_type_info.o)
                0x08003250                __cxxabiv1::__si_class_type_info::__do_upcast(__cxxabiv1::__class_type_info const*, void const*, __cxxabiv1::__class_type_info::__upcast_result&) const
 .text._ZNSt9type_infoD2Ev
                0x0800327a        0x2 /opt/homebrew/Cellar/arm-gnu-toolchain@12/12.3.rel1/bin/../lib/gcc/arm-none-eabi/12.3.1/../../../../arm-none-eabi/lib/thumb/v7e-m+fp/hard/libstdc++_nano.a(tinfo.o)
                0x0800327a                std::type_info::~type_info()
                0x0800327a                std::type_info::~type_info()
 .text._ZNKSt9type_info14__is_pointer_pEv
                0x0800327c        0x4 /opt/homebrew/Cellar/arm-gnu-toolchain@12/12.3.rel1/bin/../lib/gcc/arm-none-eabi/12.3.1/../../../../arm-none-eabi/lib/thumb/v7e-m+fp/hard/libstdc++_nano.a(tinfo.o)
                0x0800327c                std::type_info::__is_function_p() const
                0x0800327c                std::type_info::__is_pointer_p() const
 .text._ZNKSt9type_infoeqERKS_
                0x08003280       0x2c /opt/homebrew/Cellar/arm-gnu-toolchain@12/12.3.rel1/bin/../lib/gcc/arm-none-eabi/12.3.1/../../../../arm-none-eabi/lib/thumb/v7e-m+fp/hard/libstdc++_nano.a(tinfo.o)
                0x08003280                std::type_info::__equal(std::type_info const&) const
                0x08003280                std::type_info::operator==(std::type_info const&) const
 .text.__aeabi_atexit
                0x080032ac        0xa /opt/homebrew/Cellar/arm-gnu-toolchain@12/12.3.rel1/bin/../lib/gcc/arm-none-eabi/12.3.1/../../../../arm-none-eabi/lib/thumb/v7e-m+fp/hard/libstdc++_nano.a(atexit_arm.o)
                0x080032ac                __aeabi_atexit
 .text._ZNK10__cxxabiv117__class_type_info11__do_upcastEPKS0_PPv
                0x080032b6       0x32 /opt/homebrew/Cellar/arm-gnu-toolchain@12/12.3.rel1/bin/../lib/gcc/arm-none-eabi/12.3.1/../../../../arm-none-eabi/lib/thumb/v7e-m+fp/hard/libstdc++_nano.a(class_type_info.o)
                0x080032b6                __cxxabiv1::__class_type_info::__do_upcast(__cxxabiv1::__class_type_info const*, void**) const
 .text._ZNK10__cxxabiv117__class_type_info20__do_find_public_srcEiPKvPKS0_S2_
                0x080032e8        0xc /opt/homebrew/Cellar/arm-gnu-toolchain@12/12.3.rel1/bin/../lib/gcc/arm-none-eabi/12.3.1/../../../../arm-none-eabi/lib/thumb/v7e-m+fp/hard/libstdc++_nano.a(class_type_info.o)
                0x080032e8                __cxxabiv1::__class_type_info::__do_find_public_src(int, void const*, __cxxabiv1::__class_type_info const*, void const*) const
 .text._ZN10__cxxabiv117__class_type_infoD2Ev
                0x080032f4       0x14 /opt/homebrew/Cellar/arm-gnu-toolchain@12/12.3.rel1/bin/../lib/gcc/arm-none-eabi/12.3.1/../../../../arm-none-eabi/lib/thumb/v7e-m+fp/hard/libstdc++_nano.a(class_type_info.o)
                0x080032f4                __cxxabiv1::__class_type_info::~__class_type_info()
                0x080032f4                __cxxabiv1::__class_type_info::~__class_type_info()
 .text._ZN10__cxxabiv117__class_type_infoD0Ev
                0x08003308       0x14 /opt/homebrew/Cellar/arm-gnu-toolchain@12/12.3.rel1/bin/../lib/gcc/arm-none-eabi/12.3.1/../../../../arm-none-eabi/lib/thumb/v7e-m+fp/hard/libstdc++_nano.a(class_type_info.o)
                0x08003308                __cxxabiv1::__class_type_info::~__class_type_info()
 .text._ZNK10__cxxabiv117__class_type_info12__do_dyncastEiNS0_10__sub_kindEPKS0_PKvS3_S5_RNS0_16__dyncast_resultE
                0x0800331c       0x3e /opt/homebrew/Cellar/arm-gnu-toolchain@12/12.3.rel1/bin/../lib/gcc/arm-none-eabi/12.3.1/../../../../arm-none-eabi/lib/thumb/v7e-m+fp/hard/libstdc++_nano.a(class_type_info.o)
                0x0800331c                __cxxabiv1::__class_type_info::__do_dyncast(int, __cxxabiv1::__class_type_info::__sub_kind, __cxxabiv1::__class_type_info const*, void const*, __cxxabiv1::__class_type_info const*, void const*, __cxxabiv1::__class_type_info::__dyncast_result&) const
 .text._ZNK10__cxxabiv117__class_type_info11__do_upcastEPKS0_PKvRNS0_15__upcast_resultE
                0x0800335a       0x18 /opt/homebrew/Cellar/arm-gnu-toolchain@12/12.3.rel1/bin/../lib/gcc/arm-none-eabi/12.3.1/../../../../arm-none-eabi/lib/thumb/v7e-m+fp/hard/libstdc++_nano.a(class_type_info.o)
                0x0800335a                __cxxabiv1::__class_type_info::__do_upcast(__cxxabiv1::__class_type_info const*, void const*, __cxxabiv1::__class_type_info::__upcast_result&) const
 .text._ZNK10__cxxabiv117__class_type_info10__do_catchEPKSt9type_infoPPvj
                0x08003372       0x2a /opt/homebrew/Cellar/arm-gnu-toolchain@12/12.3.rel1/bin/../lib/gcc/arm-none-eabi/12.3.1/../../../../arm-none-eabi/lib/thumb/v7e-m+fp/hard/libstdc++_nano.a(class_type_info.o)
                0x08003372                __cxxabiv1::__class_type_info::__do_catch(std::type_info const*, void**, unsigned int) const
 .text._ZdlPvj  0x0800339c        0x4 /opt/homebrew/Cellar/arm-gnu-toolchain@12/12.3.rel1/bin/../lib/gcc/arm-none-eabi/12.3.1/../../../../arm-none-eabi/lib/thumb/v7e-m+fp/hard/libstdc++_nano.a(del_ops.o)
                0x0800339c                operator delete(void*, unsigned int)
 .text._ZN10__cxxabiv1L24__is_gxx_exception_classEPc
                0x080033a0       0x3a /opt/homebrew/Cellar/arm-gnu-toolchain@12/12.3.rel1/bin/../lib/gcc/arm-none-eabi/12.3.1/../../../../arm-none-eabi/lib/thumb/v7e-m+fp/hard/libstdc++_nano.a(eh_call.o)
 .text.__cxa_call_terminate
                0x080033da       0x1e /opt/homebrew/Cellar/arm-gnu-toolchain@12/12.3.rel1/bin/../lib/gcc/arm-none-eabi/12.3.1/../../../../arm-none-eabi/lib/thumb/v7e-m+fp/hard/libstdc++_nano.a(eh_call.o)
                0x080033da                __cxa_call_terminate
 .text.__cxa_call_unexpected
                0x080033f8       0x24 /opt/homebrew/Cellar/arm-gnu-toolchain@12/12.3.rel1/bin/../lib/gcc/arm-none-eabi/12.3.1/../../../../arm-none-eabi/lib/thumb/v7e-m+fp/hard/libstdc++_nano.a(eh_call.o)
                0x080033f8                __cxa_call_unexpected
 .text._ZN10__cxxabiv1L24__is_gxx_exception_classEPc
                0x0800341c       0x3a /opt/homebrew/Cellar/arm-gnu-toolchain@12/12.3.rel1/bin/../lib/gcc/arm-none-eabi/12.3.1/../../../../arm-none-eabi/lib/thumb/v7e-m+fp/hard/libstdc++_nano.a(eh_catch.o)
 .text.__cxa_begin_catch
                0x08003456       0x52 /opt/homebrew/Cellar/arm-gnu-toolchain@12/12.3.rel1/bin/../lib/gcc/arm-none-eabi/12.3.1/../../../../arm-none-eabi/lib/thumb/v7e-m+fp/hard/libstdc++_nano.a(eh_catch.o)
                0x08003456                __cxa_begin_catch
 .text._ZdlPv   0x080034a8        0x4 /opt/homebrew/Cellar/arm-gnu-toolchain@12/12.3.rel1/bin/../lib/gcc/arm-none-eabi/12.3.1/../../../../arm-none-eabi/lib/thumb/v7e-m+fp/hard/libstdc++_nano.a(del_op.o)
                0x080034a8                operator delete(void*)
 .text.abort    0x080034ac        0xe /opt/homebrew/Cellar/arm-gnu-toolchain@12/12.3.rel1/bin/../lib/gcc/arm-none-eabi/12.3.1/../../../../arm-none-eabi/lib/thumb/v7e-m+fp/hard/libc_nano.a(libc_a-abort.o)
                0x080034ac                abort
 *fill*         0x080034ba        0x2 
 .text.free     0x080034bc       0x10 /opt/homebrew/Cellar/arm-gnu-toolchain@12/12.3.rel1/bin/../lib/gcc/arm-none-eabi/12.3.1/../../../../arm-none-eabi/lib/thumb/v7e-m+fp/hard/libc_nano.a(libc_a-malloc.o)
                0x080034bc                free
 .text.sbrk_aligned
                0x080034cc       0x44 /opt/homebrew/Cellar/arm-gnu-toolchain@12/12.3.rel1/bin/../lib/gcc/arm-none-eabi/12.3.1/../../../../arm-none-eabi/lib/thumb/v7e-m+fp/hard/libc_nano.a(libc_a-mallocr.o)
 .text._malloc_r
                0x08003510      0x100 /opt/homebrew/Cellar/arm-gnu-toolchain@12/12.3.rel1/bin/../lib/gcc/arm-none-eabi/12.3.1/../../../../arm-none-eabi/lib/thumb/v7e-m+fp/hard/libc_nano.a(libc_a-mallocr.o)
                0x08003510                _malloc_r
 .text.__malloc_lock
                0x08003610        0xc /opt/homebrew/Cellar/arm-gnu-toolchain@12/12.3.rel1/bin/../lib/gcc/arm-none-eabi/12.3.1/../../../../arm-none-eabi/lib/thumb/v7e-m+fp/hard/libc_nano.a(libc_a-mlock.o)
                0x08003610                __malloc_lock
 .text.__malloc_unlock
                0x0800361c        0xc /opt/homebrew/Cellar/arm-gnu-toolchain@12/12.3.rel1/bin/../lib/gcc/arm-none-eabi/12.3.1/../../../../arm-none-eabi/lib/thumb/v7e-m+fp/hard/libc_nano.a(libc_a-mlock.o)
                0x0800361c                __malloc_unlock
 .text._vsprintf_r
                0x08003628       0x2c /opt/homebrew/Cellar/arm-gnu-toolchain@12/12.3.rel1/bin/../lib/gcc/arm-none-eabi/12.3.1/../../../../arm-none-eabi/lib/thumb/v7e-m+fp/hard/libc_nano.a(libc_a-vsprintf.o)
                0x08003628                _vsiprintf_r
                0x08003628                _vsprintf_r
 .text.vsprintf
                0x08003654       0x14 /opt/homebrew/Cellar/arm-gnu-toolchain@12/12.3.rel1/bin/../lib/gcc/arm-none-eabi/12.3.1/../../../../arm-none-eabi/lib/thumb/v7e-m+fp/hard/libc_nano.a(libc_a-vsprintf.o)
                0x08003654                vsprintf
                0x08003654                vsiprintf
 .text.strncpy  0x08003668       0x26 /opt/homebrew/Cellar/arm-gnu-toolchain@12/12.3.rel1/bin/../lib/gcc/arm-none-eabi/12.3.1/../../../../arm-none-eabi/lib/thumb/v7e-m+fp/hard/libc_nano.a(libc_a-strncpy.o)
                0x08003668                strncpy
 .text.memset   0x0800368e       0x10 /opt/homebrew/Cellar/arm-gnu-toolchain@12/12.3.rel1/bin/../lib/gcc/arm-none-eabi/12.3.1/../../../../arm-none-eabi/lib/thumb/v7e-m+fp/hard/libc_nano.a(libc_a-memset.o)
                0x0800368e                memset
 .text._raise_r
                0x0800369e       0x50 /opt/homebrew/Cellar/arm-gnu-toolchain@12/12.3.rel1/bin/../lib/gcc/arm-none-eabi/12.3.1/../../../../arm-none-eabi/lib/thumb/v7e-m+fp/hard/libc_nano.a(libc_a-signal.o)
                0x0800369e                _raise_r
 *fill*         0x080036ee        0x2 
 .text.raise    0x080036f0       0x10 /opt/homebrew/Cellar/arm-gnu-toolchain@12/12.3.rel1/bin/../lib/gcc/arm-none-eabi/12.3.1/../../../../arm-none-eabi/lib/thumb/v7e-m+fp/hard/libc_nano.a(libc_a-signal.o)
                0x080036f0                raise
 .text._kill_r  0x08003700       0x24 /opt/homebrew/Cellar/arm-gnu-toolchain@12/12.3.rel1/bin/../lib/gcc/arm-none-eabi/12.3.1/../../../../arm-none-eabi/lib/thumb/v7e-m+fp/hard/libc_nano.a(libc_a-signalr.o)
                0x08003700                _kill_r
 .text._getpid_r
                0x08003724        0x4 /opt/homebrew/Cellar/arm-gnu-toolchain@12/12.3.rel1/bin/../lib/gcc/arm-none-eabi/12.3.1/../../../../arm-none-eabi/lib/thumb/v7e-m+fp/hard/libc_nano.a(libc_a-signalr.o)
                0x08003724                _getpid_r
 .text._sbrk_r  0x08003728       0x20 /opt/homebrew/Cellar/arm-gnu-toolchain@12/12.3.rel1/bin/../lib/gcc/arm-none-eabi/12.3.1/../../../../arm-none-eabi/lib/thumb/v7e-m+fp/hard/libc_nano.a(libc_a-sbrkr.o)
                0x08003728                _sbrk_r
 .text.__libc_init_array
                0x08003748       0x48 /opt/homebrew/Cellar/arm-gnu-toolchain@12/12.3.rel1/bin/../lib/gcc/arm-none-eabi/12.3.1/../../../../arm-none-eabi/lib/thumb/v7e-m+fp/hard/libc_nano.a(libc_a-init.o)
                0x08003748                __libc_init_array
 .text.__retarget_lock_acquire_recursive
                0x08003790        0x2 /opt/homebrew/Cellar/arm-gnu-toolchain@12/12.3.rel1/bin/../lib/gcc/arm-none-eabi/12.3.1/../../../../arm-none-eabi/lib/thumb/v7e-m+fp/hard/libc_nano.a(libc_a-lock.o)
                0x08003790                __retarget_lock_acquire_recursive
 .text.__retarget_lock_release_recursive
                0x08003792        0x2 /opt/homebrew/Cellar/arm-gnu-toolchain@12/12.3.rel1/bin/../lib/gcc/arm-none-eabi/12.3.1/../../../../arm-none-eabi/lib/thumb/v7e-m+fp/hard/libc_nano.a(libc_a-lock.o)
                0x08003792                __retarget_lock_release_recursive
 .text.__cxa_atexit
                0x08003794       0x1c /opt/homebrew/Cellar/arm-gnu-toolchain@12/12.3.rel1/bin/../lib/gcc/arm-none-eabi/12.3.1/../../../../arm-none-eabi/lib/thumb/v7e-m+fp/hard/libc_nano.a(libc_a-cxa_atexit.o)
                0x08003794                __cxa_atexit
 .text.memcpy   0x080037b0       0x1c /opt/homebrew/Cellar/arm-gnu-toolchain@12/12.3.rel1/bin/../lib/gcc/arm-none-eabi/12.3.1/../../../../arm-none-eabi/lib/thumb/v7e-m+fp/hard/libc_nano.a(libc_a-memcpy-stub.o)
                0x080037b0                memcpy
 .text._free_r  0x080037cc       0x94 /opt/homebrew/Cellar/arm-gnu-toolchain@12/12.3.rel1/bin/../lib/gcc/arm-none-eabi/12.3.1/../../../../arm-none-eabi/lib/thumb/v7e-m+fp/hard/libc_nano.a(libc_a-freer.o)
                0x080037cc                _free_r
 .text.__ssputs_r
                0x08003860       0xb6 /opt/homebrew/Cellar/arm-gnu-toolchain@12/12.3.rel1/bin/../lib/gcc/arm-none-eabi/12.3.1/../../../../arm-none-eabi/lib/thumb/v7e-m+fp/hard/libc_nano.a(libc_a-nano-svfprintf.o)
                0x08003860                __ssputs_r
 *fill*         0x08003916        0x2 
 .text._svfprintf_r
                0x08003918      0x1f8 /opt/homebrew/Cellar/arm-gnu-toolchain@12/12.3.rel1/bin/../lib/gcc/arm-none-eabi/12.3.1/../../../../arm-none-eabi/lib/thumb/v7e-m+fp/hard/libc_nano.a(libc_a-nano-svfprintf.o)
                0x08003918                _svfprintf_r
                0x08003918                _svfiprintf_r
 .text._printf_common
                0x08003b10       0xda /opt/homebrew/Cellar/arm-gnu-toolchain@12/12.3.rel1/bin/../lib/gcc/arm-none-eabi/12.3.1/../../../../arm-none-eabi/lib/thumb/v7e-m+fp/hard/libc_nano.a(libc_a-nano-vfprintf_i.o)
                0x08003b10                _printf_common
 *fill*         0x08003bea        0x2 
 .text._printf_i
                0x08003bec      0x258 /opt/homebrew/Cellar/arm-gnu-toolchain@12/12.3.rel1/bin/../lib/gcc/arm-none-eabi/12.3.1/../../../../arm-none-eabi/lib/thumb/v7e-m+fp/hard/libc_nano.a(libc_a-nano-vfprintf_i.o)
                0x08003bec                _printf_i
 .text._realloc_r
                0x08003e44       0x5c /opt/homebrew/Cellar/arm-gnu-toolchain@12/12.3.rel1/bin/../lib/gcc/arm-none-eabi/12.3.1/../../../../arm-none-eabi/lib/thumb/v7e-m+fp/hard/libc_nano.a(libc_a-reallocr.o)
                0x08003e44                _realloc_r
 .text.memmove  0x08003ea0       0x34 /opt/homebrew/Cellar/arm-gnu-toolchain@12/12.3.rel1/bin/../lib/gcc/arm-none-eabi/12.3.1/../../../../arm-none-eabi/lib/thumb/v7e-m+fp/hard/libc_nano.a(libc_a-memmove.o)
                0x08003ea0                memmove
 .text._malloc_usable_size_r
                0x08003ed4       0x10 /opt/homebrew/Cellar/arm-gnu-toolchain@12/12.3.rel1/bin/../lib/gcc/arm-none-eabi/12.3.1/../../../../arm-none-eabi/lib/thumb/v7e-m+fp/hard/libc_nano.a(libc_a-msizer.o)
                0x08003ed4                _malloc_usable_size_r
 .text.selfrel_offset31
                0x08003ee4       0x14 /opt/homebrew/Cellar/arm-gnu-toolchain@12/12.3.rel1/bin/../lib/gcc/arm-none-eabi/12.3.1/thumb/v7e-m+fp/hard/libgcc.a(unwind-arm.o)
 .text.search_EIT_table
                0x08003ef8       0x64 /opt/homebrew/Cellar/arm-gnu-toolchain@12/12.3.rel1/bin/../lib/gcc/arm-none-eabi/12.3.1/thumb/v7e-m+fp/hard/libgcc.a(unwind-arm.o)
 .text.__gnu_unwind_get_pr_addr
                0x08003f5c       0x28 /opt/homebrew/Cellar/arm-gnu-toolchain@12/12.3.rel1/bin/../lib/gcc/arm-none-eabi/12.3.1/thumb/v7e-m+fp/hard/libgcc.a(unwind-arm.o)
 .text.get_eit_entry
                0x08003f84       0x94 /opt/homebrew/Cellar/arm-gnu-toolchain@12/12.3.rel1/bin/../lib/gcc/arm-none-eabi/12.3.1/thumb/v7e-m+fp/hard/libgcc.a(unwind-arm.o)
 .text.restore_non_core_regs
                0x08004018       0x58 /opt/homebrew/Cellar/arm-gnu-toolchain@12/12.3.rel1/bin/../lib/gcc/arm-none-eabi/12.3.1/thumb/v7e-m+fp/hard/libgcc.a(unwind-arm.o)
 .text._Unwind_decode_typeinfo_ptr.constprop.0
                0x08004070        0xc /opt/homebrew/Cellar/arm-gnu-toolchain@12/12.3.rel1/bin/../lib/gcc/arm-none-eabi/12.3.1/thumb/v7e-m+fp/hard/libgcc.a(unwind-arm.o)
 .text._Unwind_DebugHook
                0x0800407c        0x4 /opt/homebrew/Cellar/arm-gnu-toolchain@12/12.3.rel1/bin/../lib/gcc/arm-none-eabi/12.3.1/thumb/v7e-m+fp/hard/libgcc.a(unwind-arm.o)
 .text.unwind_phase2
                0x08004080       0x38 /opt/homebrew/Cellar/arm-gnu-toolchain@12/12.3.rel1/bin/../lib/gcc/arm-none-eabi/12.3.1/thumb/v7e-m+fp/hard/libgcc.a(unwind-arm.o)
 .text.unwind_phase2_forced
                0x080040b8       0xd4 /opt/homebrew/Cellar/arm-gnu-toolchain@12/12.3.rel1/bin/../lib/gcc/arm-none-eabi/12.3.1/thumb/v7e-m+fp/hard/libgcc.a(unwind-arm.o)
 .text.__gnu_Unwind_RaiseException
                0x0800418c       0x68 /opt/homebrew/Cellar/arm-gnu-toolchain@12/12.3.rel1/bin/../lib/gcc/arm-none-eabi/12.3.1/thumb/v7e-m+fp/hard/libgcc.a(unwind-arm.o)
                0x0800418c                __gnu_Unwind_RaiseException
 .text.__gnu_Unwind_ForcedUnwind
                0x080041f4       0x10 /opt/homebrew/Cellar/arm-gnu-toolchain@12/12.3.rel1/bin/../lib/gcc/arm-none-eabi/12.3.1/thumb/v7e-m+fp/hard/libgcc.a(unwind-arm.o)
                0x080041f4                __gnu_Unwind_ForcedUnwind
 .text.__gnu_Unwind_Resume
                0x08004204       0x40 /opt/homebrew/Cellar/arm-gnu-toolchain@12/12.3.rel1/bin/../lib/gcc/arm-none-eabi/12.3.1/thumb/v7e-m+fp/hard/libgcc.a(unwind-arm.o)
                0x08004204                __gnu_Unwind_Resume
 .text.__gnu_Unwind_Resume_or_Rethrow
                0x08004244       0x14 /opt/homebrew/Cellar/arm-gnu-toolchain@12/12.3.rel1/bin/../lib/gcc/arm-none-eabi/12.3.1/thumb/v7e-m+fp/hard/libgcc.a(unwind-arm.o)
                0x08004244                __gnu_Unwind_Resume_or_Rethrow
 .text._Unwind_Complete
                0x08004258        0x4 /opt/homebrew/Cellar/arm-gnu-toolchain@12/12.3.rel1/bin/../lib/gcc/arm-none-eabi/12.3.1/thumb/v7e-m+fp/hard/libgcc.a(unwind-arm.o)
                0x08004258                _Unwind_Complete
 .text._Unwind_VRS_Get
                0x0800425c       0x30 /opt/homebrew/Cellar/arm-gnu-toolchain@12/12.3.rel1/bin/../lib/gcc/arm-none-eabi/12.3.1/thumb/v7e-m+fp/hard/libgcc.a(unwind-arm.o)
                0x0800425c                _Unwind_VRS_Get
 .text._Unwind_GetGR
                0x0800428c       0x1c /opt/homebrew/Cellar/arm-gnu-toolchain@12/12.3.rel1/bin/../lib/gcc/arm-none-eabi/12.3.1/thumb/v7e-m+fp/hard/libgcc.a(unwind-arm.o)
 .text._Unwind_VRS_Set
                0x080042a8       0x30 /opt/homebrew/Cellar/arm-gnu-toolchain@12/12.3.rel1/bin/../lib/gcc/arm-none-eabi/12.3.1/thumb/v7e-m+fp/hard/libgcc.a(unwind-arm.o)
                0x080042a8                _Unwind_VRS_Set
 .text._Unwind_SetGR
                0x080042d8       0x18 /opt/homebrew/Cellar/arm-gnu-toolchain@12/12.3.rel1/bin/../lib/gcc/arm-none-eabi/12.3.1/thumb/v7e-m+fp/hard/libgcc.a(unwind-arm.o)
 .text.__gnu_Unwind_Backtrace
                0x080042f0       0x84 /opt/homebrew/Cellar/arm-gnu-toolchain@12/12.3.rel1/bin/../lib/gcc/arm-none-eabi/12.3.1/thumb/v7e-m+fp/hard/libgcc.a(unwind-arm.o)
                0x080042f0                __gnu_Unwind_Backtrace
 .text.__gnu_unwind_pr_common
                0x08004374      0x298 /opt/homebrew/Cellar/arm-gnu-toolchain@12/12.3.rel1/bin/../lib/gcc/arm-none-eabi/12.3.1/thumb/v7e-m+fp/hard/libgcc.a(unwind-arm.o)
 .text.__aeabi_unwind_cpp_pr0
                0x0800460c        0x8 /opt/homebrew/Cellar/arm-gnu-toolchain@12/12.3.rel1/bin/../lib/gcc/arm-none-eabi/12.3.1/thumb/v7e-m+fp/hard/libgcc.a(unwind-arm.o)
                0x0800460c                __aeabi_unwind_cpp_pr0
 .text.__aeabi_unwind_cpp_pr1
                0x08004614        0x8 /opt/homebrew/Cellar/arm-gnu-toolchain@12/12.3.rel1/bin/../lib/gcc/arm-none-eabi/12.3.1/thumb/v7e-m+fp/hard/libgcc.a(unwind-arm.o)
                0x08004614                __aeabi_unwind_cpp_pr1
 .text.__aeabi_unwind_cpp_pr2
                0x0800461c        0x8 /opt/homebrew/Cellar/arm-gnu-toolchain@12/12.3.rel1/bin/../lib/gcc/arm-none-eabi/12.3.1/thumb/v7e-m+fp/hard/libgcc.a(unwind-arm.o)
                0x0800461c                __aeabi_unwind_cpp_pr2
 .text._Unwind_VRS_Pop
                0x08004624      0x2a8 /opt/homebrew/Cellar/arm-gnu-toolchain@12/12.3.rel1/bin/../lib/gcc/arm-none-eabi/12.3.1/thumb/v7e-m+fp/hard/libgcc.a(unwind-arm.o)
                0x08004624                _Unwind_VRS_Pop
 .text.next_unwind_byte
                0x080048cc       0x38 /opt/homebrew/Cellar/arm-gnu-toolchain@12/12.3.rel1/bin/../lib/gcc/arm-none-eabi/12.3.1/thumb/v7e-m+fp/hard/libgcc.a(pr-support.o)
 .text._Unwind_GetGR.constprop.0
                0x08004904       0x1c /opt/homebrew/Cellar/arm-gnu-toolchain@12/12.3.rel1/bin/../lib/gcc/arm-none-eabi/12.3.1/thumb/v7e-m+fp/hard/libgcc.a(pr-support.o)
 .text.unwind_UCB_from_context
                0x08004920        0x4 /opt/homebrew/Cellar/arm-gnu-toolchain@12/12.3.rel1/bin/../lib/gcc/arm-none-eabi/12.3.1/thumb/v7e-m+fp/hard/libgcc.a(pr-support.o)
 .text.__gnu_unwind_execute
                0x08004924      0x2d4 /opt/homebrew/Cellar/arm-gnu-toolchain@12/12.3.rel1/bin/../lib/gcc/arm-none-eabi/12.3.1/thumb/v7e-m+fp/hard/libgcc.a(pr-support.o)
                0x08004924                __gnu_unwind_execute
 .text.__gnu_unwind_frame
                0x08004bf8       0x2c /opt/homebrew/Cellar/arm-gnu-toolchain@12/12.3.rel1/bin/../lib/gcc/arm-none-eabi/12.3.1/thumb/v7e-m+fp/hard/libgcc.a(pr-support.o)
                0x08004bf8                __gnu_unwind_frame
 .text._Unwind_GetRegionStart
                0x08004c24        0xc /opt/homebrew/Cellar/arm-gnu-toolchain@12/12.3.rel1/bin/../lib/gcc/arm-none-eabi/12.3.1/thumb/v7e-m+fp/hard/libgcc.a(pr-support.o)
                0x08004c24                _Unwind_GetRegionStart
 .text._Unwind_GetLanguageSpecificData
                0x08004c30       0x14 /opt/homebrew/Cellar/arm-gnu-toolchain@12/12.3.rel1/bin/../lib/gcc/arm-none-eabi/12.3.1/thumb/v7e-m+fp/hard/libgcc.a(pr-support.o)
                0x08004c30                _Unwind_GetLanguageSpecificData
 .text.unlikely._Unwind_GetDataRelBase
                0x08004c44        0x6 /opt/homebrew/Cellar/arm-gnu-toolchain@12/12.3.rel1/bin/../lib/gcc/arm-none-eabi/12.3.1/thumb/v7e-m+fp/hard/libgcc.a(pr-support.o)
                0x08004c44                _Unwind_GetDataRelBase
 .text.unlikely._Unwind_GetTextRelBase
                0x08004c4a        0x6 /opt/homebrew/Cellar/arm-gnu-toolchain@12/12.3.rel1/bin/../lib/gcc/arm-none-eabi/12.3.1/thumb/v7e-m+fp/hard/libgcc.a(pr-support.o)
                0x08004c4a                _Unwind_GetTextRelBase
 .text._getpid  0x08004c50       0x10 /opt/homebrew/Cellar/arm-gnu-toolchain@12/12.3.rel1/bin/../lib/gcc/arm-none-eabi/12.3.1/../../../../arm-none-eabi/lib/thumb/v7e-m+fp/hard/libnosys.a(getpid.o)
                0x08004c50                _getpid
 .text._kill    0x08004c60       0x10 /opt/homebrew/Cellar/arm-gnu-toolchain@12/12.3.rel1/bin/../lib/gcc/arm-none-eabi/12.3.1/../../../../arm-none-eabi/lib/thumb/v7e-m+fp/hard/libnosys.a(kill.o)
                0x08004c60                _kill
 .text._sbrk    0x08004c70       0x1c /opt/homebrew/Cellar/arm-gnu-toolchain@12/12.3.rel1/bin/../lib/gcc/arm-none-eabi/12.3.1/../../../../arm-none-eabi/lib/thumb/v7e-m+fp/hard/libnosys.a(sbrk.o)
                0x08004c70                _sbrk
 .text._exit    0x08004c8c        0x4 /opt/homebrew/Cellar/arm-gnu-toolchain@12/12.3.rel1/bin/../lib/gcc/arm-none-eabi/12.3.1/../../../../arm-none-eabi/lib/thumb/v7e-m+fp/hard/libnosys.a(_exit.o)
                0x08004c8c                _exit
 *(.glue_7)
 .glue_7        0x08004c90        0x0 linker stubs
 *(.glue_7t)
 .glue_7t       0x08004c90        0x0 linker stubs
 *(.eh_frame)
 .eh_frame      0x08004c90        0x0 /opt/homebrew/Cellar/arm-gnu-toolchain@12/12.3.rel1/bin/../lib/gcc/arm-none-eabi/12.3.1/thumb/v7e-m+fp/hard/crtbegin.o
 *(.init)
 .init          0x08004c90        0x4 /opt/homebrew/Cellar/arm-gnu-toolchain@12/12.3.rel1/bin/../lib/gcc/arm-none-eabi/12.3.1/thumb/v7e-m+fp/hard/crti.o
                0x08004c90                _init
 .init          0x08004c94        0x8 /opt/homebrew/Cellar/arm-gnu-toolchain@12/12.3.rel1/bin/../lib/gcc/arm-none-eabi/12.3.1/thumb/v7e-m+fp/hard/crtn.o
 *(.fini)
 .fini          0x08004c9c        0x4 /opt/homebrew/Cellar/arm-gnu-toolchain@12/12.3.rel1/bin/../lib/gcc/arm-none-eabi/12.3.1/thumb/v7e-m+fp/hard/crti.o
                0x08004c9c                _fini
 .fini          0x08004ca0        0x8 /opt/homebrew/Cellar/arm-gnu-toolchain@12/12.3.rel1/bin/../lib/gcc/arm-none-eabi/12.3.1/thumb/v7e-m+fp/hard/crtn.o
                0x08004ca8                        . = ALIGN (0x4)
                0x08004ca8                        _etext = .

.vfp11_veneer   0x08004ca8        0x0
 .vfp11_veneer  0x08004ca8        0x0 linker stubs

.v4_bx          0x08004ca8        0x0
 .v4_bx         0x08004ca8        0x0 linker stubs

.iplt           0x08004ca8        0x0
 .iplt          0x08004ca8        0x0 /opt/homebrew/Cellar/arm-gnu-toolchain@12/12.3.rel1/bin/../lib/gcc/arm-none-eabi/12.3.1/thumb/v7e-m+fp/hard/crtbegin.o

.rodata         0x08004ca8      0x338
                0x08004ca8                        . = ALIGN (0x4)
 *(.rodata)
 .rodata        0x08004ca8        0x8 libs/EVT-core/samples/can/back_and_forth/CMakeFiles/back_and_forth.dir/main.cpp.obj
 *(.rodata*)
 .rodata._Z13canIRQHandlerRN3EVT4core2IO10CANMessageEPv.str1.4
                0x08004cb0       0x61 libs/EVT-core/samples/can/back_and_forth/CMakeFiles/back_and_forth.dir/main.cpp.obj
 *fill*         0x08004d11        0x3 
 .rodata.main.str1.4
                0x08004d14       0x5d libs/EVT-core/samples/can/back_and_forth/CMakeFiles/back_and_forth.dir/main.cpp.obj
 *fill*         0x08004d71        0x3 
 .rodata._ZTVN3EVT4core2IO3CANE
                0x08004d74       0x20 libs/EVT-core/libEVTd.a(CAN.cpp.obj)
                0x08004d74                vtable for EVT::core::IO::CAN
 .rodata._ZTVN3EVT4core2IO7CANf3xxE
                0x08004d94       0x20 libs/EVT-core/libEVTd.a(CANf3xx.cpp.obj)
                0x08004d94                vtable for EVT::core::IO::CANf3xx
 .rodata._ZN3EVT4core2IO8UARTf3xxC2ENS1_3PinES3_mb.str1.4
                0x08004db4       0x20 libs/EVT-core/libEVTd.a(UARTf3xx.cpp.obj)
 .rodata._ZTVN3EVT4core2IO8UARTf3xxE
                0x08004dd4       0x3c libs/EVT-core/libEVTd.a(UARTf3xx.cpp.obj)
                0x08004dd4                vtable for EVT::core::IO::UARTf3xx
 .rodata._ZTVN3EVT4core2IO4UARTE
                0x08004e10       0x3c libs/EVT-core/libEVTd.a(UART.cpp.obj)
                0x08004e10                vtable for EVT::core::IO::UART
 .rodata.aPredivFactorTable
                0x08004e4c       0x10 libs/EVT-core/libs/HALf3/libHALf3d.a(stm32f3xx_hal_rcc.c.obj)
                0x08004e4c                aPredivFactorTable
 .rodata.aPLLMULFactorTable
                0x08004e5c       0x10 libs/EVT-core/libs/HALf3/libHALf3d.a(stm32f3xx_hal_rcc.c.obj)
                0x08004e5c                aPLLMULFactorTable
 .rodata.APBPrescTable
                0x08004e6c        0x8 libs/EVT-core/libs/HALf3/libHALf3d.a(system_stm32f3xx.c.obj)
                0x08004e6c                APBPrescTable
 .rodata.AHBPrescTable
                0x08004e74       0x10 libs/EVT-core/libs/HALf3/libHALf3d.a(system_stm32f3xx.c.obj)
                0x08004e74                AHBPrescTable
 .rodata._ZTSN10__cxxabiv115__forced_unwindE
                0x08004e84       0x20 /opt/homebrew/Cellar/arm-gnu-toolchain@12/12.3.rel1/bin/../lib/gcc/arm-none-eabi/12.3.1/../../../../arm-none-eabi/lib/thumb/v7e-m+fp/hard/libstdc++_nano.a(eh_exception.o)
                0x08004e84                typeinfo name for __cxxabiv1::__forced_unwind
 .rodata._ZTIN10__cxxabiv115__forced_unwindE
                0x08004ea4        0x8 /opt/homebrew/Cellar/arm-gnu-toolchain@12/12.3.rel1/bin/../lib/gcc/arm-none-eabi/12.3.1/../../../../arm-none-eabi/lib/thumb/v7e-m+fp/hard/libstdc++_nano.a(eh_exception.o)
                0x08004ea4                typeinfo for __cxxabiv1::__forced_unwind
 .rodata._ZTSN10__cxxabiv119__foreign_exceptionE
                0x08004eac       0x24 /opt/homebrew/Cellar/arm-gnu-toolchain@12/12.3.rel1/bin/../lib/gcc/arm-none-eabi/12.3.1/../../../../arm-none-eabi/lib/thumb/v7e-m+fp/hard/libstdc++_nano.a(eh_exception.o)
                0x08004eac                typeinfo name for __cxxabiv1::__foreign_exception
 .rodata._ZTIN10__cxxabiv119__foreign_exceptionE
                0x08004ed0        0x8 /opt/homebrew/Cellar/arm-gnu-toolchain@12/12.3.rel1/bin/../lib/gcc/arm-none-eabi/12.3.1/../../../../arm-none-eabi/lib/thumb/v7e-m+fp/hard/libstdc++_nano.a(eh_exception.o)
                0x08004ed0                typeinfo for __cxxabiv1::__foreign_exception
 .rodata._ZTSN10__cxxabiv120__si_class_type_infoE
                0x08004ed8       0x25 /opt/homebrew/Cellar/arm-gnu-toolchain@12/12.3.rel1/bin/../lib/gcc/arm-none-eabi/12.3.1/../../../../arm-none-eabi/lib/thumb/v7e-m+fp/hard/libstdc++_nano.a(si_class_type_info.o)
                0x08004ed8                typeinfo name for __cxxabiv1::__si_class_type_info
 *fill*         0x08004efd        0x3 
 .rodata._ZTIN10__cxxabiv120__si_class_type_infoE
                0x08004f00        0xc /opt/homebrew/Cellar/arm-gnu-toolchain@12/12.3.rel1/bin/../lib/gcc/arm-none-eabi/12.3.1/../../../../arm-none-eabi/lib/thumb/v7e-m+fp/hard/libstdc++_nano.a(si_class_type_info.o)
                0x08004f00                typeinfo for __cxxabiv1::__si_class_type_info
 .rodata._ZTVN10__cxxabiv120__si_class_type_infoE
                0x08004f0c       0x2c /opt/homebrew/Cellar/arm-gnu-toolchain@12/12.3.rel1/bin/../lib/gcc/arm-none-eabi/12.3.1/../../../../arm-none-eabi/lib/thumb/v7e-m+fp/hard/libstdc++_nano.a(si_class_type_info.o)
                0x08004f0c                vtable for __cxxabiv1::__si_class_type_info
 .rodata._ZTSSt9type_info
                0x08004f38        0xd /opt/homebrew/Cellar/arm-gnu-toolchain@12/12.3.rel1/bin/../lib/gcc/arm-none-eabi/12.3.1/../../../../arm-none-eabi/lib/thumb/v7e-m+fp/hard/libstdc++_nano.a(tinfo.o)
                0x08004f38                typeinfo name for std::type_info
 *fill*         0x08004f45        0x3 
 .rodata._ZTISt9type_info
                0x08004f48        0x8 /opt/homebrew/Cellar/arm-gnu-toolchain@12/12.3.rel1/bin/../lib/gcc/arm-none-eabi/12.3.1/../../../../arm-none-eabi/lib/thumb/v7e-m+fp/hard/libstdc++_nano.a(tinfo.o)
                0x08004f48                typeinfo for std::type_info
 .rodata._ZTSN10__cxxabiv117__class_type_infoE
                0x08004f50       0x22 /opt/homebrew/Cellar/arm-gnu-toolchain@12/12.3.rel1/bin/../lib/gcc/arm-none-eabi/12.3.1/../../../../arm-none-eabi/lib/thumb/v7e-m+fp/hard/libstdc++_nano.a(class_type_info.o)
                0x08004f50                typeinfo name for __cxxabiv1::__class_type_info
 *fill*         0x08004f72        0x2 
 .rodata._ZTIN10__cxxabiv117__class_type_infoE
                0x08004f74        0xc /opt/homebrew/Cellar/arm-gnu-toolchain@12/12.3.rel1/bin/../lib/gcc/arm-none-eabi/12.3.1/../../../../arm-none-eabi/lib/thumb/v7e-m+fp/hard/libstdc++_nano.a(class_type_info.o)
                0x08004f74                typeinfo for __cxxabiv1::__class_type_info
 .rodata._ZTVN10__cxxabiv117__class_type_infoE
                0x08004f80       0x2c /opt/homebrew/Cellar/arm-gnu-toolchain@12/12.3.rel1/bin/../lib/gcc/arm-none-eabi/12.3.1/../../../../arm-none-eabi/lib/thumb/v7e-m+fp/hard/libstdc++_nano.a(class_type_info.o)
                0x08004f80                vtable for __cxxabiv1::__class_type_info
 .rodata._svfprintf_r.str1.1
                0x08004fac       0x11 /opt/homebrew/Cellar/arm-gnu-toolchain@12/12.3.rel1/bin/../lib/gcc/arm-none-eabi/12.3.1/../../../../arm-none-eabi/lib/thumb/v7e-m+fp/hard/libc_nano.a(libc_a-nano-svfprintf.o)
 .rodata._printf_i.str1.1
                0x08004fbd       0x22 /opt/homebrew/Cellar/arm-gnu-toolchain@12/12.3.rel1/bin/../lib/gcc/arm-none-eabi/12.3.1/../../../../arm-none-eabi/lib/thumb/v7e-m+fp/hard/libc_nano.a(libc_a-nano-vfprintf_i.o)
                0x08004fe0                        . = ALIGN (0x4)
 *fill*         0x08004fdf        0x1 

.ARM.extab      0x08004fe0      0x124
                0x08004fe0                        . = ALIGN (0x4)
 *(.ARM.extab* .gnu.linkonce.armextab.*)
 .ARM.extab.text._ZN3EVT4core8platform4initEv
                0x08004fe0        0xc libs/EVT-core/samples/can/back_and_forth/CMakeFiles/back_and_forth.dir/main.cpp.obj
 .ARM.extab.text._ZN3EVT4core2IO6getCANILNS1_3PinE12ELS3_11EEERNS1_3CANEb
                0x08004fec       0x14 libs/EVT-core/samples/can/back_and_forth/CMakeFiles/back_and_forth.dir/main.cpp.obj
 .ARM.extab.text._ZN3EVT4core2IO7getUARTILNS1_3PinE2ELS3_3EEERNS1_4UARTEmb
                0x08005000       0x14 libs/EVT-core/samples/can/back_and_forth/CMakeFiles/back_and_forth.dir/main.cpp.obj
 .ARM.extab.text._ZN3EVT4core2IO7CANf3xx10disconnectEv
                0x08005014        0xc libs/EVT-core/libEVTd.a(CANf3xx.cpp.obj)
 .ARM.extab.text.CAN_RX0_IRQHandler
                0x08005020        0xc libs/EVT-core/libEVTd.a(CANf3xx.cpp.obj)
 .ARM.extab.text._ZN3EVT4core2IO7CANf3xx10triggerIRQERNS1_10CANMessageE
                0x0800502c        0xc libs/EVT-core/libEVTd.a(CANf3xx.cpp.obj)
 .ARM.extab.text._ZN3EVT4core5types10FixedQueueILj100ENS0_2IO10CANMessageEEC2Eb
                0x08005038        0x0 libs/EVT-core/libEVTd.a(CANf3xx.cpp.obj)
 .ARM.extab.text._ZN3EVT4core5types10FixedQueueILj100ENS0_2IO10CANMessageEE3popEPS4_
                0x08005038        0x0 libs/EVT-core/libEVTd.a(CANf3xx.cpp.obj)
 .ARM.extab.text._ZN3EVT4core5types10FixedQueueILj100ENS0_2IO10CANMessageEE6appendERS4_
                0x08005038        0x0 libs/EVT-core/libEVTd.a(CANf3xx.cpp.obj)
 .ARM.extab.text._ZN3EVT4core2IO7CANf3xx13addCANMessageERNS1_10CANMessageE
                0x08005038        0xc libs/EVT-core/libEVTd.a(CANf3xx.cpp.obj)
 .ARM.extab.text.EXTI0_IRQHandler
                0x08005044        0xc libs/EVT-core/libEVTd.a(GPIOf3xx.cpp.obj)
 .ARM.extab.text.EXTI1_IRQHandler
                0x08005050        0xc libs/EVT-core/libEVTd.a(GPIOf3xx.cpp.obj)
 .ARM.extab.text.EXTI2_TSC_IRQHandler
                0x0800505c        0xc libs/EVT-core/libEVTd.a(GPIOf3xx.cpp.obj)
 .ARM.extab.text.EXTI3_IRQHandler
                0x08005068        0xc libs/EVT-core/libEVTd.a(GPIOf3xx.cpp.obj)
 .ARM.extab.text.EXTI4_IRQHandler
                0x08005074        0xc libs/EVT-core/libEVTd.a(GPIOf3xx.cpp.obj)
 .ARM.extab.text.EXTI9_5_IRQHandler
                0x08005080        0xc libs/EVT-core/libEVTd.a(GPIOf3xx.cpp.obj)
 .ARM.extab.text.EXTI15_10_IRQHandler
                0x0800508c        0xc libs/EVT-core/libEVTd.a(GPIOf3xx.cpp.obj)
 .ARM.extab.text.HAL_GPIO_EXTI_Callback
                0x08005098        0xc libs/EVT-core/libEVTd.a(GPIOf3xx.cpp.obj)
 .ARM.extab.text._ZN3EVT4core2IO8UARTf3xx5writeEh
                0x080050a4        0xc libs/EVT-core/libEVTd.a(UARTf3xx.cpp.obj)
 .ARM.extab.text._ZN3EVT4core2IO8UARTf3xx4readEv
                0x080050b0        0xc libs/EVT-core/libEVTd.a(UARTf3xx.cpp.obj)
 .ARM.extab.text._ZN3EVT4core2IO8UARTf3xx9sendBreakEv
                0x080050bc        0xc libs/EVT-core/libEVTd.a(UARTf3xx.cpp.obj)
 .ARM.extab.text._ZN3EVT4core2IO8UARTf3xx10writeBytesEPhj
                0x080050c8        0xc libs/EVT-core/libEVTd.a(UARTf3xx.cpp.obj)
 .ARM.extab.text._ZN3EVT4core2IO8UARTf3xx9readBytesEPhj
                0x080050d4        0xc libs/EVT-core/libEVTd.a(UARTf3xx.cpp.obj)
 .ARM.extab.text._ZN3EVT4core2IO8UARTf3xx6printfEPKcz
                0x080050e0        0xc libs/EVT-core/libEVTd.a(UARTf3xx.cpp.obj)
 .ARM.extab.text._Unwind_GetRegionStart
                0x080050ec        0xc /opt/homebrew/Cellar/arm-gnu-toolchain@12/12.3.rel1/bin/../lib/gcc/arm-none-eabi/12.3.1/thumb/v7e-m+fp/hard/libgcc.a(pr-support.o)
 .ARM.extab.text._Unwind_GetLanguageSpecificData
                0x080050f8        0xc /opt/homebrew/Cellar/arm-gnu-toolchain@12/12.3.rel1/bin/../lib/gcc/arm-none-eabi/12.3.1/thumb/v7e-m+fp/hard/libgcc.a(pr-support.o)
                0x08005104                        . = ALIGN (0x4)

.ARM            0x08005104      0x208
                0x08005104                        . = ALIGN (0x4)
                0x08005104                        __exidx_start = .
 *(.ARM.exidx*)
 .ARM.exidx     0x08005104        0x8 /opt/homebrew/Cellar/arm-gnu-toolchain@12/12.3.rel1/bin/../lib/gcc/arm-none-eabi/12.3.1/../../../../arm-none-eabi/lib/thumb/v7e-m+fp/hard/libc_nano.a(libc_a-strlen.o)
 .ARM.exidx     0x0800510c        0x0 /opt/homebrew/Cellar/arm-gnu-toolchain@12/12.3.rel1/bin/../lib/gcc/arm-none-eabi/12.3.1/../../../../arm-none-eabi/lib/thumb/v7e-m+fp/hard/libc_nano.a(libc_a-strcmp.o)
                                  0x8 (size before relaxing)
 .ARM.exidx     0x0800510c        0x0 /opt/homebrew/Cellar/arm-gnu-toolchain@12/12.3.rel1/bin/../lib/gcc/arm-none-eabi/12.3.1/../../../../arm-none-eabi/lib/thumb/v7e-m+fp/hard/libc_nano.a(libc_a-memchr.o)
                                  0x8 (size before relaxing)
 .ARM.exidx.text._Z13canIRQHandlerRN3EVT4core2IO10CANMessageEPv
                0x0800510c        0x8 libs/EVT-core/samples/can/back_and_forth/CMakeFiles/back_and_forth.dir/main.cpp.obj
 .ARM.exidx.text._ZN3EVT4core8platform4initEv
                0x08005114        0x8 libs/EVT-core/samples/can/back_and_forth/CMakeFiles/back_and_forth.dir/main.cpp.obj
 .ARM.exidx.text._ZN3EVT4core2IO6getCANILNS1_3PinE12ELS3_11EEERNS1_3CANEb
                0x0800511c        0x8 libs/EVT-core/samples/can/back_and_forth/CMakeFiles/back_and_forth.dir/main.cpp.obj
 .ARM.exidx.text._ZN3EVT4core2IO7getUARTILNS1_3PinE2ELS3_3EEERNS1_4UARTEmb
                0x08005124        0x8 libs/EVT-core/samples/can/back_and_forth/CMakeFiles/back_and_forth.dir/main.cpp.obj
 .ARM.exidx.text.main
                0x0800512c        0x8 libs/EVT-core/samples/can/back_and_forth/CMakeFiles/back_and_forth.dir/main.cpp.obj
 .ARM.exidx.text._ZN3EVT4core8platform14stm32f3xx_initEv
                0x08005134        0x8 libs/EVT-core/libEVTd.a(stm32f302x8.cpp.obj)
 .ARM.exidx.text._ZN3EVT4core2IO3CANC2ENS1_3PinES3_b
                0x0800513c        0x8 libs/EVT-core/libEVTd.a(CAN.cpp.obj)
 .ARM.exidx.text._ZN3EVT4core2IO3CAN13addIRQHandlerEPFvRNS1_10CANMessageEPvES5_
                0x08005144        0x0 libs/EVT-core/libEVTd.a(CAN.cpp.obj)
                                  0x8 (size before relaxing)
 .ARM.exidx.text._ZN3EVT4core2IO7CANf3xx12addCANFilterEtth
                0x08005144        0x8 libs/EVT-core/libEVTd.a(CANf3xx.cpp.obj)
 .ARM.exidx.text._ZN3EVT4core2IO7CANf3xx21enableEmergencyFilterEm
                0x0800514c        0x0 libs/EVT-core/libEVTd.a(CANf3xx.cpp.obj)
                                  0x8 (size before relaxing)
 .ARM.exidx.text._ZN3EVT4core2IO7CANf3xx7connectEb
                0x0800514c        0x8 libs/EVT-core/libEVTd.a(CANf3xx.cpp.obj)
 .ARM.exidx.text._ZN3EVT4core2IO7CANf3xx10disconnectEv
                0x08005154        0x8 libs/EVT-core/libEVTd.a(CANf3xx.cpp.obj)
 .ARM.exidx.text._ZN3EVT4core2IO7CANf3xx8transmitERNS1_10CANMessageE
                0x0800515c        0x8 libs/EVT-core/libEVTd.a(CANf3xx.cpp.obj)
 .ARM.exidx.text.CAN_RX0_IRQHandler
                0x08005164        0x8 libs/EVT-core/libEVTd.a(CANf3xx.cpp.obj)
 .ARM.exidx.text._ZN3EVT4core2IO7CANf3xx10triggerIRQERNS1_10CANMessageE
                0x0800516c        0x8 libs/EVT-core/libEVTd.a(CANf3xx.cpp.obj)
 .ARM.exidx.text._ZN3EVT4core5types10FixedQueueILj100ENS0_2IO10CANMessageEEC2Eb
                0x08005174        0x8 libs/EVT-core/libEVTd.a(CANf3xx.cpp.obj)
 .ARM.exidx.text._ZN3EVT4core2IO7CANf3xxC2ENS1_3PinES3_b
                0x0800517c        0x8 libs/EVT-core/libEVTd.a(CANf3xx.cpp.obj)
 .ARM.exidx.text._ZN3EVT4core5types10FixedQueueILj100ENS0_2IO10CANMessageEE3popEPS4_
                0x08005184        0x8 libs/EVT-core/libEVTd.a(CANf3xx.cpp.obj)
 .ARM.exidx.text._ZN3EVT4core2IO7CANf3xx7receiveEPNS1_10CANMessageEb
                0x0800518c        0x8 libs/EVT-core/libEVTd.a(CANf3xx.cpp.obj)
 .ARM.exidx.text._ZN3EVT4core5types10FixedQueueILj100ENS0_2IO10CANMessageEE6appendERS4_
                0x08005194        0x8 libs/EVT-core/libEVTd.a(CANf3xx.cpp.obj)
 .ARM.exidx.text._ZN3EVT4core2IO7CANf3xx13addCANMessageERNS1_10CANMessageE
                0x0800519c        0x8 libs/EVT-core/libEVTd.a(CANf3xx.cpp.obj)
 .ARM.exidx.text.HAL_CAN_RxFifo0MsgPendingCallback
                0x080051a4        0x8 libs/EVT-core/libEVTd.a(CANf3xx.cpp.obj)
 .ARM.exidx.text.EXTI0_IRQHandler
                0x080051ac        0x8 libs/EVT-core/libEVTd.a(GPIOf3xx.cpp.obj)
 .ARM.exidx.text.EXTI1_IRQHandler
                0x080051b4        0x8 libs/EVT-core/libEVTd.a(GPIOf3xx.cpp.obj)
 .ARM.exidx.text.EXTI2_TSC_IRQHandler
                0x080051bc        0x8 libs/EVT-core/libEVTd.a(GPIOf3xx.cpp.obj)
 .ARM.exidx.text.EXTI3_IRQHandler
                0x080051c4        0x8 libs/EVT-core/libEVTd.a(GPIOf3xx.cpp.obj)
 .ARM.exidx.text.EXTI4_IRQHandler
                0x080051cc        0x8 libs/EVT-core/libEVTd.a(GPIOf3xx.cpp.obj)
 .ARM.exidx.text.EXTI9_5_IRQHandler
                0x080051d4        0x8 libs/EVT-core/libEVTd.a(GPIOf3xx.cpp.obj)
 .ARM.exidx.text.EXTI15_10_IRQHandler
                0x080051dc        0x8 libs/EVT-core/libEVTd.a(GPIOf3xx.cpp.obj)
 .ARM.exidx.text.HAL_GPIO_EXTI_Callback
                0x080051e4        0x8 libs/EVT-core/libEVTd.a(GPIOf3xx.cpp.obj)
 .ARM.exidx.text._ZN3EVT4core2IO8GPIOf3xx13gpioStateInitEP16GPIO_InitTypeDefPNS1_3PinEhmmmh
                0x080051ec        0x8 libs/EVT-core/libEVTd.a(GPIOf3xx.cpp.obj)
 .ARM.exidx.text._ZN3EVT4core2IO8UARTf3xx11setBaudrateEm
                0x080051f4        0x8 libs/EVT-core/libEVTd.a(UARTf3xx.cpp.obj)
 .ARM.exidx.text._ZN3EVT4core2IO8UARTf3xx9setFormatENS1_4UART10WordLengthENS3_6ParityENS3_11NumStopBitsE
                0x080051fc        0x0 libs/EVT-core/libEVTd.a(UARTf3xx.cpp.obj)
                                  0x8 (size before relaxing)
 .ARM.exidx.text._ZN3EVT4core2IO8UARTf3xx10isReadableEv
                0x080051fc        0x0 libs/EVT-core/libEVTd.a(UARTf3xx.cpp.obj)
                                  0x8 (size before relaxing)
 .ARM.exidx.text._ZN3EVT4core2IO8UARTf3xx10isWritableEv
                0x080051fc        0x0 libs/EVT-core/libEVTd.a(UARTf3xx.cpp.obj)
                                  0x8 (size before relaxing)
 .ARM.exidx.text._ZN3EVT4core2IO8UARTf3xx5writeEh
                0x080051fc        0x8 libs/EVT-core/libEVTd.a(UARTf3xx.cpp.obj)
 .ARM.exidx.text._ZN3EVT4core2IO8UARTf3xx4readEv
                0x08005204        0x8 libs/EVT-core/libEVTd.a(UARTf3xx.cpp.obj)
 .ARM.exidx.text._ZN3EVT4core2IO8UARTf3xx9sendBreakEv
                0x0800520c        0x8 libs/EVT-core/libEVTd.a(UARTf3xx.cpp.obj)
 .ARM.exidx.text._ZN3EVT4core2IO8UARTf3xx4putcEc
                0x08005214        0x8 libs/EVT-core/libEVTd.a(UARTf3xx.cpp.obj)
 .ARM.exidx.text._ZN3EVT4core2IO8UARTf3xx10writeBytesEPhj
                0x0800521c        0x8 libs/EVT-core/libEVTd.a(UARTf3xx.cpp.obj)
 .ARM.exidx.text._ZN3EVT4core2IO8UARTf3xx4putsEPKc
                0x08005224        0x8 libs/EVT-core/libEVTd.a(UARTf3xx.cpp.obj)
 .ARM.exidx.text._ZN3EVT4core2IO8UARTf3xx4getcEv
                0x0800522c        0x8 libs/EVT-core/libEVTd.a(UARTf3xx.cpp.obj)
 .ARM.exidx.text._ZN3EVT4core2IO8UARTf3xx9readBytesEPhj
                0x08005234        0x8 libs/EVT-core/libEVTd.a(UARTf3xx.cpp.obj)
 .ARM.exidx.text._ZN3EVT4core2IO8UARTf3xx6printfEPKcz
                0x0800523c        0x8 libs/EVT-core/libEVTd.a(UARTf3xx.cpp.obj)
 .ARM.exidx.text._ZN3EVT4core2IO8UARTf3xxC2ENS1_3PinES3_mb
                0x08005244        0x8 libs/EVT-core/libEVTd.a(UARTf3xx.cpp.obj)
 .ARM.exidx.text._ZN3EVT4core2IO10CANMessageC2EmhPhb
                0x0800524c        0x8 libs/EVT-core/libEVTd.a(CANMessage.cpp.obj)
 .ARM.exidx.text._ZN3EVT4core2IO10CANMessageC2Ev
                0x08005254        0x0 libs/EVT-core/libEVTd.a(CANMessage.cpp.obj)
                                  0x8 (size before relaxing)
 .ARM.exidx.text._ZN3EVT4core2IO10CANMessage5getIdEv
                0x08005254        0x0 libs/EVT-core/libEVTd.a(CANMessage.cpp.obj)
                                  0x8 (size before relaxing)
 .ARM.exidx.text._ZN3EVT4core2IO10CANMessage13getDataLengthEv
                0x08005254        0x0 libs/EVT-core/libEVTd.a(CANMessage.cpp.obj)
                                  0x8 (size before relaxing)
 .ARM.exidx.text._ZN3EVT4core2IO10CANMessage10getPayloadEv
                0x08005254        0x0 libs/EVT-core/libEVTd.a(CANMessage.cpp.obj)
                                  0x8 (size before relaxing)
 .ARM.exidx.text._ZN3EVT4core2IO10CANMessage10setPayloadEPKh
                0x08005254        0x0 libs/EVT-core/libEVTd.a(CANMessage.cpp.obj)
                                  0x8 (size before relaxing)
 .ARM.exidx.text._ZN3EVT4core2IO10CANMessageaSERKS2_
                0x08005254        0x0 libs/EVT-core/libEVTd.a(CANMessage.cpp.obj)
                                  0x8 (size before relaxing)
 .ARM.exidx.text._ZN3EVT4core2IO10CANMessage13isCANExtendedEv
                0x08005254        0x0 libs/EVT-core/libEVTd.a(CANMessage.cpp.obj)
                                  0x8 (size before relaxing)
 .ARM.exidx.text._ZN3EVT4core4time4waitEm
                0x08005254        0x8 libs/EVT-core/libEVTd.a(time.cpp.obj)
 .ARM.exidx.text._ZN3EVT4core3log6Logger3logENS2_8LogLevelEPKcz
                0x0800525c        0x8 libs/EVT-core/libEVTd.a(log.cpp.obj)
 .ARM.exidx.text._ZN3EVT4core2IO4UARTC2ENS1_3PinES3_m
                0x08005264        0x0 libs/EVT-core/libEVTd.a(UART.cpp.obj)
                                  0x8 (size before relaxing)
 .ARM.exidx.text.selfrel_offset31
                0x08005264        0x0 /opt/homebrew/Cellar/arm-gnu-toolchain@12/12.3.rel1/bin/../lib/gcc/arm-none-eabi/12.3.1/thumb/v7e-m+fp/hard/libgcc.a(unwind-arm.o)
                                  0x8 (size before relaxing)
 .ARM.exidx.text.search_EIT_table
                0x08005264        0x0 /opt/homebrew/Cellar/arm-gnu-toolchain@12/12.3.rel1/bin/../lib/gcc/arm-none-eabi/12.3.1/thumb/v7e-m+fp/hard/libgcc.a(unwind-arm.o)
                                  0x8 (size before relaxing)
 .ARM.exidx.text.__gnu_unwind_get_pr_addr
                0x08005264        0x0 /opt/homebrew/Cellar/arm-gnu-toolchain@12/12.3.rel1/bin/../lib/gcc/arm-none-eabi/12.3.1/thumb/v7e-m+fp/hard/libgcc.a(unwind-arm.o)
                                  0x8 (size before relaxing)
 .ARM.exidx.text.get_eit_entry
                0x08005264        0x8 /opt/homebrew/Cellar/arm-gnu-toolchain@12/12.3.rel1/bin/../lib/gcc/arm-none-eabi/12.3.1/thumb/v7e-m+fp/hard/libgcc.a(unwind-arm.o)
 .ARM.exidx.text.restore_non_core_regs
                0x0800526c        0x8 /opt/homebrew/Cellar/arm-gnu-toolchain@12/12.3.rel1/bin/../lib/gcc/arm-none-eabi/12.3.1/thumb/v7e-m+fp/hard/libgcc.a(unwind-arm.o)
 .ARM.exidx.text._Unwind_decode_typeinfo_ptr.constprop.0
                0x08005274        0x8 /opt/homebrew/Cellar/arm-gnu-toolchain@12/12.3.rel1/bin/../lib/gcc/arm-none-eabi/12.3.1/thumb/v7e-m+fp/hard/libgcc.a(unwind-arm.o)
 .ARM.exidx.text._Unwind_DebugHook
                0x0800527c        0x0 /opt/homebrew/Cellar/arm-gnu-toolchain@12/12.3.rel1/bin/../lib/gcc/arm-none-eabi/12.3.1/thumb/v7e-m+fp/hard/libgcc.a(unwind-arm.o)
                                  0x8 (size before relaxing)
 .ARM.exidx.text.unwind_phase2
                0x0800527c        0x8 /opt/homebrew/Cellar/arm-gnu-toolchain@12/12.3.rel1/bin/../lib/gcc/arm-none-eabi/12.3.1/thumb/v7e-m+fp/hard/libgcc.a(unwind-arm.o)
 .ARM.exidx.text.unwind_phase2_forced
                0x08005284        0x8 /opt/homebrew/Cellar/arm-gnu-toolchain@12/12.3.rel1/bin/../lib/gcc/arm-none-eabi/12.3.1/thumb/v7e-m+fp/hard/libgcc.a(unwind-arm.o)
 .ARM.exidx.text.__gnu_Unwind_RaiseException
                0x0800528c        0x8 /opt/homebrew/Cellar/arm-gnu-toolchain@12/12.3.rel1/bin/../lib/gcc/arm-none-eabi/12.3.1/thumb/v7e-m+fp/hard/libgcc.a(unwind-arm.o)
 .ARM.exidx.text.__gnu_Unwind_ForcedUnwind
                0x08005294        0x8 /opt/homebrew/Cellar/arm-gnu-toolchain@12/12.3.rel1/bin/../lib/gcc/arm-none-eabi/12.3.1/thumb/v7e-m+fp/hard/libgcc.a(unwind-arm.o)
 .ARM.exidx.text.__gnu_Unwind_Resume
                0x0800529c        0x8 /opt/homebrew/Cellar/arm-gnu-toolchain@12/12.3.rel1/bin/../lib/gcc/arm-none-eabi/12.3.1/thumb/v7e-m+fp/hard/libgcc.a(unwind-arm.o)
 .ARM.exidx.text.__gnu_Unwind_Resume_or_Rethrow
                0x080052a4        0x8 /opt/homebrew/Cellar/arm-gnu-toolchain@12/12.3.rel1/bin/../lib/gcc/arm-none-eabi/12.3.1/thumb/v7e-m+fp/hard/libgcc.a(unwind-arm.o)
 .ARM.exidx.text._Unwind_Complete
                0x080052ac        0x0 /opt/homebrew/Cellar/arm-gnu-toolchain@12/12.3.rel1/bin/../lib/gcc/arm-none-eabi/12.3.1/thumb/v7e-m+fp/hard/libgcc.a(unwind-arm.o)
                                  0x8 (size before relaxing)
 .ARM.exidx.text._Unwind_VRS_Get
                0x080052ac        0x0 /opt/homebrew/Cellar/arm-gnu-toolchain@12/12.3.rel1/bin/../lib/gcc/arm-none-eabi/12.3.1/thumb/v7e-m+fp/hard/libgcc.a(unwind-arm.o)
                                  0x8 (size before relaxing)
 .ARM.exidx.text._Unwind_GetGR
                0x080052ac        0x0 /opt/homebrew/Cellar/arm-gnu-toolchain@12/12.3.rel1/bin/../lib/gcc/arm-none-eabi/12.3.1/thumb/v7e-m+fp/hard/libgcc.a(unwind-arm.o)
                                  0x8 (size before relaxing)
 .ARM.exidx.text._Unwind_VRS_Set
                0x080052ac        0x0 /opt/homebrew/Cellar/arm-gnu-toolchain@12/12.3.rel1/bin/../lib/gcc/arm-none-eabi/12.3.1/thumb/v7e-m+fp/hard/libgcc.a(unwind-arm.o)
                                  0x8 (size before relaxing)
 .ARM.exidx.text._Unwind_SetGR
                0x080052ac        0x0 /opt/homebrew/Cellar/arm-gnu-toolchain@12/12.3.rel1/bin/../lib/gcc/arm-none-eabi/12.3.1/thumb/v7e-m+fp/hard/libgcc.a(unwind-arm.o)
                                  0x8 (size before relaxing)
 .ARM.exidx.text.__gnu_Unwind_Backtrace
                0x080052ac        0x8 /opt/homebrew/Cellar/arm-gnu-toolchain@12/12.3.rel1/bin/../lib/gcc/arm-none-eabi/12.3.1/thumb/v7e-m+fp/hard/libgcc.a(unwind-arm.o)
 .ARM.exidx.text.__gnu_unwind_pr_common
                0x080052b4        0x8 /opt/homebrew/Cellar/arm-gnu-toolchain@12/12.3.rel1/bin/../lib/gcc/arm-none-eabi/12.3.1/thumb/v7e-m+fp/hard/libgcc.a(unwind-arm.o)